Archive member included to satisfy reference by file (symbol)

D:/RISCV-none-elf-gcc/xpack-riscv-none-elf-gcc-15.2.0-1-win32-x64/xpack-riscv-none-elf-gcc-15.2.0-1/bin/../lib/gcc/riscv-none-elf/15.2.0/../../../../riscv-none-elf/lib\libc.a(libc_a-strcat.o)
                              finsh/shell.o (strcat)
D:/RISCV-none-elf-gcc/xpack-riscv-none-elf-gcc-15.2.0-1-win32-x64/xpack-riscv-none-elf-gcc-15.2.0-1/bin/../lib/gcc/riscv-none-elf/15.2.0/../../../../riscv-none-elf/lib\libc.a(libc_a-strncmp.o)
                              finsh/cmd.o (strncmp)
D:/RISCV-none-elf-gcc/xpack-riscv-none-elf-gcc-15.2.0-1-win32-x64/xpack-riscv-none-elf-gcc-15.2.0-1/bin/../lib/gcc/riscv-none-elf/15.2.0/../../../../riscv-none-elf/lib\libc.a(libc_a-strncpy.o)
                              finsh/shell.o (strncpy)
D:/RISCV-none-elf-gcc/xpack-riscv-none-elf-gcc-15.2.0-1-win32-x64/xpack-riscv-none-elf-gcc-15.2.0-1/bin/../lib/gcc/riscv-none-elf/15.2.0/../../../../riscv-none-elf/lib\libc.a(libc_a-memset.o)
                              finsh/shell.o (memset)
D:/RISCV-none-elf-gcc/xpack-riscv-none-elf-gcc-15.2.0-1-win32-x64/xpack-riscv-none-elf-gcc-15.2.0-1/bin/../lib/gcc/riscv-none-elf/15.2.0/../../../../riscv-none-elf/lib\libc.a(libc_a-memcpy.o)
                              finsh/cmd.o (memcpy)
D:/RISCV-none-elf-gcc/xpack-riscv-none-elf-gcc-15.2.0-1-win32-x64/xpack-riscv-none-elf-gcc-15.2.0-1/bin/../lib/gcc/riscv-none-elf/15.2.0/../../../../riscv-none-elf/lib\libc.a(libc_a-strlen.o)
                              finsh/shell.o (strlen)
D:/RISCV-none-elf-gcc/xpack-riscv-none-elf-gcc-15.2.0-1-win32-x64/xpack-riscv-none-elf-gcc-15.2.0-1/bin/../lib/gcc/riscv-none-elf/15.2.0/../../../../riscv-none-elf/lib\libc.a(libc_a-strcpy.o)
                              finsh/shell.o (strcpy)

Discarded input sections

 .text          0x00000000        0x0 start.o
 .data          0x00000000        0x0 start.o
 .bss           0x00000000        0x0 start.o
 .data          0x00000000        0x0 libcpu/context_gcc.o
 .bss           0x00000000        0x0 libcpu/context_gcc.o
 .text          0x00000000        0x0 libcpu/trap_entry.o
 .data          0x00000000        0x0 libcpu/trap_entry.o
 .bss           0x00000000        0x0 libcpu/trap_entry.o
 .text          0x00000000        0x0 libcpu/cpuport.o
 .data          0x00000000        0x0 libcpu/cpuport.o
 .bss           0x00000000        0x0 libcpu/cpuport.o
 .text          0x00000000        0x0 libcpu/interrupt.o
 .data          0x00000000        0x0 libcpu/interrupt.o
 .bss           0x00000000        0x0 libcpu/interrupt.o
 .text.rt_hw_interrupt_mask
                0x00000000       0x24 libcpu/interrupt.o
 .text          0x00000000        0x0 src/clock.o
 .data          0x00000000        0x0 src/clock.o
 .bss           0x00000000        0x0 src/clock.o
 .text.rt_system_tick_init
                0x00000000        0x2 src/clock.o
 .text.rt_tick_set
                0x00000000       0x26 src/clock.o
 .text          0x00000000        0x0 src/components.o
 .data          0x00000000        0x0 src/components.o
 .bss           0x00000000        0x0 src/components.o
 .text.rt_components_board_init
                0x00000000       0x2e src/components.o
 .text.entry    0x00000000        0x8 src/components.o
 .text          0x00000000        0x0 src/cpu.o
 .data          0x00000000        0x0 src/cpu.o
 .bss           0x00000000        0x0 src/cpu.o
 .debug_info    0x00000000       0x71 src/cpu.o
 .debug_abbrev  0x00000000       0x2c src/cpu.o
 .debug_aranges
                0x00000000       0x18 src/cpu.o
 .debug_line    0x00000000       0x44 src/cpu.o
 .debug_str     0x00000000      0x132 src/cpu.o
 .debug_line_str
                0x00000000       0x26 src/cpu.o
 .comment       0x00000000       0x34 src/cpu.o
 .note.GNU-stack
                0x00000000        0x0 src/cpu.o
 .riscv.attributes
                0x00000000       0x57 src/cpu.o
 .text          0x00000000        0x0 src/idle.o
 .data          0x00000000        0x0 src/idle.o
 .bss           0x00000000        0x0 src/idle.o
 .text.rt_thread_idle_gethandler
                0x00000000        0xa src/idle.o
 .text          0x00000000        0x0 src/ipc.o
 .data          0x00000000        0x0 src/ipc.o
 .bss           0x00000000        0x0 src/ipc.o
 .text.rt_ipc_list_resume_all.isra.0
                0x00000000       0x44 src/ipc.o
 .text.rt_sem_detach
                0x00000000       0x9a src/ipc.o
 .text.rt_sem_create
                0x00000000       0xb2 src/ipc.o
 .rodata.rt_sem_delete.str1.4
                0x00000000       0x3b src/ipc.o
 .text.rt_sem_delete
                0x00000000       0xf0 src/ipc.o
 .text.rt_sem_trytake
                0x00000000        0xa src/ipc.o
 .text.rt_sem_control
                0x00000000       0x9c src/ipc.o
 .rodata.__FUNCTION__.0
                0x00000000        0xf src/ipc.o
 .rodata.__FUNCTION__.3
                0x00000000        0xe src/ipc.o
 .rodata.__FUNCTION__.4
                0x00000000        0xe src/ipc.o
 .rodata.__FUNCTION__.5
                0x00000000        0xe src/ipc.o
 .text          0x00000000        0x0 src/irq.o
 .data          0x00000000        0x0 src/irq.o
 .bss           0x00000000        0x0 src/irq.o
 .text          0x00000000        0x0 src/kservice.o
 .data          0x00000000        0x0 src/kservice.o
 .bss           0x00000000        0x0 src/kservice.o
 .text.rt_get_errno
                0x00000000       0x2a src/kservice.o
 .text._rt_errno
                0x00000000       0x2c src/kservice.o
 .text.rt_memcpy
                0x00000000       0x9e src/kservice.o
 .text.rt_memcmp
                0x00000000       0x28 src/kservice.o
 .text.rt_strcasecmp
                0x00000000       0x34 src/kservice.o
 .text.rt_strcmp
                0x00000000       0x1a src/kservice.o
 .text.rt_strnlen
                0x00000000       0x18 src/kservice.o
 .text.rt_strstr
                0x00000000       0x60 src/kservice.o
 .text.rt_strdup
                0x00000000       0x3a src/kservice.o
 .text.rt_snprintf
                0x00000000       0x20 src/kservice.o
 .text.rt_vsprintf
                0x00000000        0xe src/kservice.o
 .text.rt_sprintf
                0x00000000       0x22 src/kservice.o
 .text.rt_console_set_device
                0x00000000       0x4c src/kservice.o
 .text.rt_hw_console_output
                0x00000000        0x2 src/kservice.o
 .text.rt_kputs
                0x00000000       0x64 src/kservice.o
 .text.rt_malloc_align
                0x00000000       0x40 src/kservice.o
 .text.rt_free_align
                0x00000000        0xc src/kservice.o
 .text.rt_assert_set_hook
                0x00000000        0xa src/kservice.o
 .text          0x00000000        0x0 src/mem.o
 .data          0x00000000        0x0 src/mem.o
 .bss           0x00000000        0x0 src/mem.o
 .text.rt_realloc
                0x00000000      0x17e src/mem.o
 .text.rt_memory_info
                0x00000000       0x26 src/mem.o
 .rodata.__FUNCTION__.2
                0x00000000        0xb src/mem.o
 .text          0x00000000        0x0 src/memheap.o
 .data          0x00000000        0x0 src/memheap.o
 .bss           0x00000000        0x0 src/memheap.o
 .debug_info    0x00000000       0x71 src/memheap.o
 .debug_abbrev  0x00000000       0x2c src/memheap.o
 .debug_aranges
                0x00000000       0x18 src/memheap.o
 .debug_line    0x00000000       0x44 src/memheap.o
 .debug_str     0x00000000      0x132 src/memheap.o
 .debug_line_str
                0x00000000       0x2e src/memheap.o
 .comment       0x00000000       0x34 src/memheap.o
 .note.GNU-stack
                0x00000000        0x0 src/memheap.o
 .riscv.attributes
                0x00000000       0x57 src/memheap.o
 .text          0x00000000        0x0 src/mempool.o
 .data          0x00000000        0x0 src/mempool.o
 .bss           0x00000000        0x0 src/mempool.o
 .debug_info    0x00000000       0x71 src/mempool.o
 .debug_abbrev  0x00000000       0x2c src/mempool.o
 .debug_aranges
                0x00000000       0x18 src/mempool.o
 .debug_line    0x00000000       0x44 src/mempool.o
 .debug_str     0x00000000      0x132 src/mempool.o
 .debug_line_str
                0x00000000       0x2e src/mempool.o
 .comment       0x00000000       0x34 src/mempool.o
 .note.GNU-stack
                0x00000000        0x0 src/mempool.o
 .riscv.attributes
                0x00000000       0x57 src/mempool.o
 .text          0x00000000        0x0 src/object.o
 .data          0x00000000        0x0 src/object.o
 .bss           0x00000000        0x0 src/object.o
 .text.rt_system_object_init
                0x00000000        0x2 src/object.o
 .text          0x00000000        0x0 src/scheduler.o
 .data          0x00000000        0x0 src/scheduler.o
 .bss           0x00000000        0x0 src/scheduler.o
 .text.rt_critical_level
                0x00000000        0xa src/scheduler.o
 .text          0x00000000        0x0 src/slab.o
 .data          0x00000000        0x0 src/slab.o
 .bss           0x00000000        0x0 src/slab.o
 .debug_info    0x00000000       0x71 src/slab.o
 .debug_abbrev  0x00000000       0x2c src/slab.o
 .debug_aranges
                0x00000000       0x18 src/slab.o
 .debug_line    0x00000000       0x44 src/slab.o
 .debug_str     0x00000000      0x132 src/slab.o
 .debug_line_str
                0x00000000       0x28 src/slab.o
 .comment       0x00000000       0x34 src/slab.o
 .note.GNU-stack
                0x00000000        0x0 src/slab.o
 .riscv.attributes
                0x00000000       0x57 src/slab.o
 .text          0x00000000        0x0 src/thread.o
 .data          0x00000000        0x0 src/thread.o
 .bss           0x00000000        0x0 src/thread.o
 .rodata.rt_thread_detach.str1.4
                0x00000000       0x2f src/thread.o
 .text.rt_thread_detach
                0x00000000       0xee src/thread.o
 .rodata.rt_thread_delete.str1.4
                0x00000000       0x3b src/thread.o
 .text.rt_thread_delete
                0x00000000       0xce src/thread.o
 .text.rt_thread_delay
                0x00000000        0x8 src/thread.o
 .text.rt_thread_control
                0x00000000      0x102 src/thread.o
 .rodata.rt_thread_find.str1.4
                0x00000000       0x17 src/thread.o
 .text.rt_thread_find
                0x00000000       0xa0 src/thread.o
 .rodata.__FUNCTION__.0
                0x00000000        0xf src/thread.o
 .rodata.__FUNCTION__.4
                0x00000000       0x12 src/thread.o
 .rodata.__FUNCTION__.6
                0x00000000       0x11 src/thread.o
 .rodata.__FUNCTION__.7
                0x00000000       0x11 src/thread.o
 .text          0x00000000        0x0 src/timer.o
 .data          0x00000000        0x0 src/timer.o
 .bss           0x00000000        0x0 src/timer.o
 .text.rt_timer_create
                0x00000000       0x42 src/timer.o
 .rodata.rt_timer_delete.str1.4
                0x00000000       0x36 src/timer.o
 .text.rt_timer_delete
                0x00000000       0xb0 src/timer.o
 .text.rt_timer_next_timeout_tick
                0x00000000       0x14 src/timer.o
 .rodata.__FUNCTION__.4
                0x00000000       0x10 src/timer.o
 .text          0x00000000        0x0 device/device.o
 .data          0x00000000        0x0 device/device.o
 .bss           0x00000000        0x0 device/device.o
 .text.rt_device_unregister
                0x00000000       0x8e device/device.o
 .text.rt_device_init_all
                0x00000000        0x4 device/device.o
 .text.rt_device_register
                0x00000000       0x4a device/device.o
 .text.rt_device_create
                0x00000000       0x3c device/device.o
 .rodata.rt_device_destroy.str1.4
                0x00000000       0x34 device/device.o
 .text.rt_device_destroy
                0x00000000       0x94 device/device.o
 .text.rt_device_init
                0x00000000       0x6a device/device.o
 .text.rt_device_control
                0x00000000       0x7e device/device.o
 .text.rt_device_set_tx_complete
                0x00000000       0x64 device/device.o
 .rodata.__FUNCTION__.0
                0x00000000       0x1a device/device.o
 .rodata.__FUNCTION__.2
                0x00000000       0x12 device/device.o
 .rodata.__FUNCTION__.7
                0x00000000        0xf device/device.o
 .rodata.__FUNCTION__.8
                0x00000000       0x12 device/device.o
 .rodata.__FUNCTION__.9
                0x00000000       0x15 device/device.o
 .text          0x00000000        0x0 bsp/board.o
 .data          0x00000000        0x0 bsp/board.o
 .bss           0x00000000        0x0 bsp/board.o
 .text.rt_hw_cpu_reset
                0x00000000       0x18 bsp/board.o
 .text.rt_hw_cpu_icache_enable
                0x00000000        0x2 bsp/board.o
 .text.rt_hw_cpu_icache_disable
                0x00000000        0x2 bsp/board.o
 .text.rt_hw_cpu_icache_status
                0x00000000        0x4 bsp/board.o
 .text.rt_hw_cpu_icache_ops
                0x00000000        0x2 bsp/board.o
 .text.rt_hw_cpu_dcache_enable
                0x00000000        0x2 bsp/board.o
 .text.rt_hw_cpu_dcache_disable
                0x00000000        0x2 bsp/board.o
 .text.rt_hw_cpu_dcache_status
                0x00000000        0x4 bsp/board.o
 .text.rt_hw_cpu_dcache_ops
                0x00000000        0x2 bsp/board.o
 .text.rt_hw_console_getchar
                0x00000000       0x1e bsp/board.o
 .text.rt_hw_us_delay
                0x00000000       0x12 bsp/board.o
 .rodata.rt_hw_show_memory.str1.4
                0x00000000       0x24 bsp/board.o
 .text.rt_hw_show_memory
                0x00000000       0x10 bsp/board.o
 .rodata.rt_hw_backtrace.str1.4
                0x00000000       0x22 bsp/board.o
 .text.rt_hw_backtrace
                0x00000000       0x10 bsp/board.o
 .text          0x00000000        0x0 bsp/uart_irq.o
 .data          0x00000000        0x0 bsp/uart_irq.o
 .bss           0x00000000        0x0 bsp/uart_irq.o
 .text          0x00000000        0x0 finsh/shell.o
 .data          0x00000000        0x0 finsh/shell.o
 .bss           0x00000000        0x0 finsh/shell.o
 .text.finsh_set_prompt
                0x00000000       0x52 finsh/shell.o
 .text.finsh_get_prompt_mode
                0x00000000       0x3e finsh/shell.o
 .text.finsh_get_device
                0x00000000       0x3a finsh/shell.o
 .text.finsh_set_echo
                0x00000000       0x4e finsh/shell.o
 .text.finsh_get_echo
                0x00000000       0x3c finsh/shell.o
 .text.finsh_system_function_init
                0x00000000       0x12 finsh/shell.o
 .text.finsh_system_var_init
                0x00000000       0x12 finsh/shell.o
 .rodata.__FUNCTION__.1
                0x00000000        0xf finsh/shell.o
 .rodata.__FUNCTION__.2
                0x00000000        0xf finsh/shell.o
 .rodata.__FUNCTION__.3
                0x00000000       0x11 finsh/shell.o
 .rodata.__FUNCTION__.7
                0x00000000       0x16 finsh/shell.o
 .text          0x00000000        0x0 finsh/cmd.o
 .data          0x00000000        0x0 finsh/cmd.o
 .bss           0x00000000        0x0 finsh/cmd.o
 .text          0x00000000        0x0 finsh/finsh_port.o
 .data          0x00000000        0x0 finsh/finsh_port.o
 .bss           0x00000000        0x0 finsh/finsh_port.o
 .text.rt_hw_console_getchar
                0x00000000        0x6 finsh/finsh_port.o
 .debug_info    0x00000000       0x9c finsh/finsh_port.o
 .debug_abbrev  0x00000000       0x5c finsh/finsh_port.o
 .debug_aranges
                0x00000000       0x20 finsh/finsh_port.o
 .debug_rnglists
                0x00000000       0x13 finsh/finsh_port.o
 .debug_line    0x00000000       0x61 finsh/finsh_port.o
 .debug_str     0x00000000      0x148 finsh/finsh_port.o
 .debug_line_str
                0x00000000       0x38 finsh/finsh_port.o
 .comment       0x00000000       0x34 finsh/finsh_port.o
 .note.GNU-stack
                0x00000000        0x0 finsh/finsh_port.o
 .debug_frame   0x00000000       0x20 finsh/finsh_port.o
 .riscv.attributes
                0x00000000       0x57 finsh/finsh_port.o
 .text          0x00000000        0x0 finsh/msh.o
 .data          0x00000000        0x0 finsh/msh.o
 .bss           0x00000000        0x0 finsh/msh.o
 .text          0x00000000        0x0 applications/main.o
 .data          0x00000000        0x0 applications/main.o
 .bss           0x00000000        0x0 applications/main.o
 .text          0x00000000        0x0 D:/RISCV-none-elf-gcc/xpack-riscv-none-elf-gcc-15.2.0-1-win32-x64/xpack-riscv-none-elf-gcc-15.2.0-1/bin/../lib/gcc/riscv-none-elf/15.2.0/../../../../riscv-none-elf/lib\libc.a(libc_a-strcat.o)
 .data          0x00000000        0x0 D:/RISCV-none-elf-gcc/xpack-riscv-none-elf-gcc-15.2.0-1-win32-x64/xpack-riscv-none-elf-gcc-15.2.0-1/bin/../lib/gcc/riscv-none-elf/15.2.0/../../../../riscv-none-elf/lib\libc.a(libc_a-strcat.o)
 .bss           0x00000000        0x0 D:/RISCV-none-elf-gcc/xpack-riscv-none-elf-gcc-15.2.0-1-win32-x64/xpack-riscv-none-elf-gcc-15.2.0-1/bin/../lib/gcc/riscv-none-elf/15.2.0/../../../../riscv-none-elf/lib\libc.a(libc_a-strcat.o)
 .text          0x00000000        0x0 D:/RISCV-none-elf-gcc/xpack-riscv-none-elf-gcc-15.2.0-1-win32-x64/xpack-riscv-none-elf-gcc-15.2.0-1/bin/../lib/gcc/riscv-none-elf/15.2.0/../../../../riscv-none-elf/lib\libc.a(libc_a-strncmp.o)
 .data          0x00000000        0x0 D:/RISCV-none-elf-gcc/xpack-riscv-none-elf-gcc-15.2.0-1-win32-x64/xpack-riscv-none-elf-gcc-15.2.0-1/bin/../lib/gcc/riscv-none-elf/15.2.0/../../../../riscv-none-elf/lib\libc.a(libc_a-strncmp.o)
 .bss           0x00000000        0x0 D:/RISCV-none-elf-gcc/xpack-riscv-none-elf-gcc-15.2.0-1-win32-x64/xpack-riscv-none-elf-gcc-15.2.0-1/bin/../lib/gcc/riscv-none-elf/15.2.0/../../../../riscv-none-elf/lib\libc.a(libc_a-strncmp.o)
 .text          0x00000000        0x0 D:/RISCV-none-elf-gcc/xpack-riscv-none-elf-gcc-15.2.0-1-win32-x64/xpack-riscv-none-elf-gcc-15.2.0-1/bin/../lib/gcc/riscv-none-elf/15.2.0/../../../../riscv-none-elf/lib\libc.a(libc_a-strncpy.o)
 .data          0x00000000        0x0 D:/RISCV-none-elf-gcc/xpack-riscv-none-elf-gcc-15.2.0-1-win32-x64/xpack-riscv-none-elf-gcc-15.2.0-1/bin/../lib/gcc/riscv-none-elf/15.2.0/../../../../riscv-none-elf/lib\libc.a(libc_a-strncpy.o)
 .bss           0x00000000        0x0 D:/RISCV-none-elf-gcc/xpack-riscv-none-elf-gcc-15.2.0-1-win32-x64/xpack-riscv-none-elf-gcc-15.2.0-1/bin/../lib/gcc/riscv-none-elf/15.2.0/../../../../riscv-none-elf/lib\libc.a(libc_a-strncpy.o)
 .data          0x00000000        0x0 D:/RISCV-none-elf-gcc/xpack-riscv-none-elf-gcc-15.2.0-1-win32-x64/xpack-riscv-none-elf-gcc-15.2.0-1/bin/../lib/gcc/riscv-none-elf/15.2.0/../../../../riscv-none-elf/lib\libc.a(libc_a-memset.o)
 .bss           0x00000000        0x0 D:/RISCV-none-elf-gcc/xpack-riscv-none-elf-gcc-15.2.0-1-win32-x64/xpack-riscv-none-elf-gcc-15.2.0-1/bin/../lib/gcc/riscv-none-elf/15.2.0/../../../../riscv-none-elf/lib\libc.a(libc_a-memset.o)
 .text          0x00000000        0x0 D:/RISCV-none-elf-gcc/xpack-riscv-none-elf-gcc-15.2.0-1-win32-x64/xpack-riscv-none-elf-gcc-15.2.0-1/bin/../lib/gcc/riscv-none-elf/15.2.0/../../../../riscv-none-elf/lib\libc.a(libc_a-memcpy.o)
 .data          0x00000000        0x0 D:/RISCV-none-elf-gcc/xpack-riscv-none-elf-gcc-15.2.0-1-win32-x64/xpack-riscv-none-elf-gcc-15.2.0-1/bin/../lib/gcc/riscv-none-elf/15.2.0/../../../../riscv-none-elf/lib\libc.a(libc_a-memcpy.o)
 .bss           0x00000000        0x0 D:/RISCV-none-elf-gcc/xpack-riscv-none-elf-gcc-15.2.0-1-win32-x64/xpack-riscv-none-elf-gcc-15.2.0-1/bin/../lib/gcc/riscv-none-elf/15.2.0/../../../../riscv-none-elf/lib\libc.a(libc_a-memcpy.o)
 .text          0x00000000        0x0 D:/RISCV-none-elf-gcc/xpack-riscv-none-elf-gcc-15.2.0-1-win32-x64/xpack-riscv-none-elf-gcc-15.2.0-1/bin/../lib/gcc/riscv-none-elf/15.2.0/../../../../riscv-none-elf/lib\libc.a(libc_a-strlen.o)
 .data          0x00000000        0x0 D:/RISCV-none-elf-gcc/xpack-riscv-none-elf-gcc-15.2.0-1-win32-x64/xpack-riscv-none-elf-gcc-15.2.0-1/bin/../lib/gcc/riscv-none-elf/15.2.0/../../../../riscv-none-elf/lib\libc.a(libc_a-strlen.o)
 .bss           0x00000000        0x0 D:/RISCV-none-elf-gcc/xpack-riscv-none-elf-gcc-15.2.0-1-win32-x64/xpack-riscv-none-elf-gcc-15.2.0-1/bin/../lib/gcc/riscv-none-elf/15.2.0/../../../../riscv-none-elf/lib\libc.a(libc_a-strlen.o)
 .text          0x00000000        0x0 D:/RISCV-none-elf-gcc/xpack-riscv-none-elf-gcc-15.2.0-1-win32-x64/xpack-riscv-none-elf-gcc-15.2.0-1/bin/../lib/gcc/riscv-none-elf/15.2.0/../../../../riscv-none-elf/lib\libc.a(libc_a-strcpy.o)
 .data          0x00000000        0x0 D:/RISCV-none-elf-gcc/xpack-riscv-none-elf-gcc-15.2.0-1-win32-x64/xpack-riscv-none-elf-gcc-15.2.0-1/bin/../lib/gcc/riscv-none-elf/15.2.0/../../../../riscv-none-elf/lib\libc.a(libc_a-strcpy.o)
 .bss           0x00000000        0x0 D:/RISCV-none-elf-gcc/xpack-riscv-none-elf-gcc-15.2.0-1-win32-x64/xpack-riscv-none-elf-gcc-15.2.0-1/bin/../lib/gcc/riscv-none-elf/15.2.0/../../../../riscv-none-elf/lib\libc.a(libc_a-strcpy.o)

Memory Configuration

Name             Origin             Length             Attributes
RAM              0x80000000         0x00010000         xrw
*default*        0x00000000         0xffffffff

Linker script and memory map

LOAD start.o
LOAD libcpu/context_gcc.o
LOAD libcpu/trap_entry.o
LOAD libcpu/cpuport.o
LOAD libcpu/interrupt.o
LOAD src/clock.o
LOAD src/components.o
LOAD src/cpu.o
LOAD src/idle.o
LOAD src/ipc.o
LOAD src/irq.o
LOAD src/kservice.o
LOAD src/mem.o
LOAD src/memheap.o
LOAD src/mempool.o
LOAD src/object.o
LOAD src/scheduler.o
LOAD src/slab.o
LOAD src/thread.o
LOAD src/timer.o
LOAD device/device.o
LOAD bsp/board.o
LOAD bsp/uart_irq.o
LOAD finsh/shell.o
LOAD finsh/cmd.o
LOAD finsh/finsh_port.o
LOAD finsh/msh.o
LOAD applications/main.o
LOAD D:/RISCV-none-elf-gcc/xpack-riscv-none-elf-gcc-15.2.0-1-win32-x64/xpack-riscv-none-elf-gcc-15.2.0-1/bin/../lib/gcc/riscv-none-elf/15.2.0\libgcc.a
START GROUP
LOAD D:/RISCV-none-elf-gcc/xpack-riscv-none-elf-gcc-15.2.0-1-win32-x64/xpack-riscv-none-elf-gcc-15.2.0-1/bin/../lib/gcc/riscv-none-elf/15.2.0/../../../../riscv-none-elf/lib\libc.a
LOAD D:/RISCV-none-elf-gcc/xpack-riscv-none-elf-gcc-15.2.0-1-win32-x64/xpack-riscv-none-elf-gcc-15.2.0-1/bin/../lib/gcc/riscv-none-elf/15.2.0/../../../../riscv-none-elf/lib\libgloss.a
END GROUP
LOAD D:/RISCV-none-elf-gcc/xpack-riscv-none-elf-gcc-15.2.0-1-win32-x64/xpack-riscv-none-elf-gcc-15.2.0-1/bin/../lib/gcc/riscv-none-elf/15.2.0\libgcc.a
                0x00002000                        _stack_size = 0x2000
                0x00004000                        _heap_size = 0x4000
                0x80000000                        . = ORIGIN (RAM)

.text           0x80000000     0x3c0c
 *(.text.init)
 .text.init     0x80000000       0x34 start.o
                0x80000000                _start
 *(.text.trap)
 *fill*         0x80000034        0x0 
 .text.trap     0x80000034       0x90 libcpu/trap_entry.o
                0x80000034                trap_entry
 *(.text .text.*)
 .text          0x800000c4       0xc4 libcpu/context_gcc.o
                0x800000c4                rt_hw_interrupt_disable
                0x800000ca                rt_hw_interrupt_enable
                0x800000d0                rt_hw_context_switch_to
                0x800000dc                rt_hw_context_switch
                0x80000132                rt_hw_context_switch_exit
 .text.rt_hw_stack_init
                0x80000188       0x34 libcpu/cpuport.o
                0x80000188                rt_hw_stack_init
 .text.rt_hw_context_switch_interrupt
                0x800001bc       0x16 libcpu/cpuport.o
                0x800001bc                rt_hw_context_switch_interrupt
 .text.rt_hw_cpu_shutdown
                0x800001d2       0x44 libcpu/cpuport.o
                0x800001d2                rt_hw_cpu_shutdown
 .text.rt_hw_interrupt_init
                0x80000216       0xa8 libcpu/interrupt.o
                0x80000216                rt_hw_interrupt_init
 .text.rt_hw_interrupt_umask
                0x800002be       0x2c libcpu/interrupt.o
                0x800002be                rt_hw_interrupt_umask
 .text.rt_hw_interrupt_install
                0x800002ea       0x1e libcpu/interrupt.o
                0x800002ea                rt_hw_interrupt_install
 .text.rt_hw_trap_handler
                0x80000308      0x160 libcpu/interrupt.o
                0x80000308                rt_hw_trap_handler
 .text.rt_tick_get
                0x80000468        0x6 src/clock.o
                0x80000468                rt_tick_get
 .text.rt_tick_increase
                0x8000046e       0x2a src/clock.o
                0x8000046e                rt_tick_increase
 .text.rt_tick_from_millisecond
                0x80000498       0x2c src/clock.o
                0x80000498                rt_tick_from_millisecond
 .text.rti_start
                0x800004c4        0x4 src/components.o
 .text.rti_board_start
                0x800004c8        0x4 src/components.o
 .text.rti_board_end
                0x800004cc        0x4 src/components.o
 .text.rti_end  0x800004d0        0x4 src/components.o
 .text.rt_components_init
                0x800004d4       0x2e src/components.o
                0x800004d4                rt_components_init
 .text.main_thread_entry
                0x80000502        0xe src/components.o
                0x80000502                main_thread_entry
 .text.rt_application_init
                0x80000510       0x4e src/components.o
                0x80000510                rt_application_init
 .text.rtthread_startup
                0x8000055e       0x2a src/components.o
                0x8000055e                rtthread_startup
 .text.rt_thread_idle_excute
                0x80000588       0xca src/idle.o
                0x80000588                rt_thread_idle_excute
 .text.rt_thread_idle_entry
                0x80000652        0x8 src/idle.o
 .text.rt_thread_idle_init
                0x8000065a       0x40 src/idle.o
                0x8000065a                rt_thread_idle_init
 .text.rt_sem_init
                0x8000069a       0x76 src/ipc.o
                0x8000069a                rt_sem_init
 .text.rt_sem_take
                0x80000710      0x172 src/ipc.o
                0x80000710                rt_sem_take
 .text.rt_sem_release
                0x80000882       0x86 src/ipc.o
                0x80000882                rt_sem_release
 .text.rt_interrupt_enter
                0x80000908       0x1a src/irq.o
                0x80000908                rt_interrupt_enter
 .text.rt_interrupt_leave
                0x80000922       0x1a src/irq.o
                0x80000922                rt_interrupt_leave
 .text.rt_interrupt_get_nest
                0x8000093c        0x6 src/irq.o
                0x8000093c                rt_interrupt_get_nest
 .text.print_number
                0x80000942      0x196 src/kservice.o
 .text.rt_set_errno
                0x80000ad8       0x22 src/kservice.o
                0x80000ad8                rt_set_errno
 .text.rt_memset
                0x80000afa       0x74 src/kservice.o
                0x80000afa                rt_memset
 .text.rt_memmove
                0x80000b6e       0x4a src/kservice.o
                0x80000b6e                rt_memmove
 .text.rt_strncpy
                0x80000bb8       0x28 src/kservice.o
                0x80000bb8                rt_strncpy
 .text.rt_strncmp
                0x80000be0       0x2c src/kservice.o
                0x80000be0                rt_strncmp
 .text.rt_strlen
                0x80000c0c       0x12 src/kservice.o
                0x80000c0c                rt_strlen
 .text.rt_vsnprintf
                0x80000c1e      0x3ba src/kservice.o
                0x80000c1e                rt_vsnprintf
 .text.rt_console_get_device
                0x80000fd8        0x6 src/kservice.o
                0x80000fd8                rt_console_get_device
 .text.rt_kprintf
                0x80000fde       0x6e src/kservice.o
                0x80000fde                rt_kprintf
 .text.rt_show_version
                0x8000104c       0x3e src/kservice.o
                0x8000104c                rt_show_version
 .text.__rt_ffs
                0x8000108a       0x5a src/kservice.o
                0x8000108a                __rt_ffs
 .text.rt_assert_handler
                0x800010e4       0x30 src/kservice.o
                0x800010e4                rt_assert_handler
 .text.list_mem
                0x80001114       0x32 src/mem.o
                0x80001114                list_mem
 .text.plug_holes
                0x80001146       0xc6 src/mem.o
 .text.rt_system_heap_init
                0x8000120c       0xda src/mem.o
                0x8000120c                rt_system_heap_init
 .text.rt_malloc
                0x800012e6      0x1a8 src/mem.o
                0x800012e6                rt_malloc
 .text.rt_calloc
                0x8000148e       0x26 src/mem.o
                0x8000148e                rt_calloc
 .text.rt_free  0x800014b4      0x17c src/mem.o
                0x800014b4                rt_free
 .text.rt_object_get_information
                0x80001630       0x28 src/object.o
                0x80001630                rt_object_get_information
 .text.rt_object_init
                0x80001658       0xb6 src/object.o
                0x80001658                rt_object_init
 .text.rt_object_detach
                0x8000170e       0x44 src/object.o
                0x8000170e                rt_object_detach
 .text.rt_object_allocate
                0x80001752       0xb6 src/object.o
                0x80001752                rt_object_allocate
 .text.rt_object_delete
                0x80001808       0x68 src/object.o
                0x80001808                rt_object_delete
 .text.rt_object_is_systemobject
                0x80001870       0x30 src/object.o
                0x80001870                rt_object_is_systemobject
 .text.rt_object_get_type
                0x800018a0       0x32 src/object.o
                0x800018a0                rt_object_get_type
 .text.rt_object_find
                0x800018d2       0xa8 src/object.o
                0x800018d2                rt_object_find
 .text.rt_system_scheduler_init
                0x8000197a       0x2e src/scheduler.o
                0x8000197a                rt_system_scheduler_init
 .text.rt_system_scheduler_start
                0x800019a8       0x2a src/scheduler.o
                0x800019a8                rt_system_scheduler_start
 .text.rt_schedule
                0x800019d2       0x5e src/scheduler.o
                0x800019d2                rt_schedule
 .text.rt_schedule_insert_thread
                0x80001a30       0x64 src/scheduler.o
                0x80001a30                rt_schedule_insert_thread
 .text.rt_schedule_remove_thread
                0x80001a94       0x62 src/scheduler.o
                0x80001a94                rt_schedule_remove_thread
 .text.rt_enter_critical
                0x80001af6       0x1a src/scheduler.o
                0x80001af6                rt_enter_critical
 .text.rt_exit_critical
                0x80001b10       0x3c src/scheduler.o
                0x80001b10                rt_exit_critical
 .text.rt_thread_exit
                0x80001b4c       0x5a src/thread.o
                0x80001b4c                rt_thread_exit
 .text.rt_thread_timeout
                0x80001ba6       0x8a src/thread.o
                0x80001ba6                rt_thread_timeout
 .text._rt_thread_init.isra.0
                0x80001c30       0xa8 src/thread.o
 .text.rt_thread_init
                0x80001cd8       0x8a src/thread.o
                0x80001cd8                rt_thread_init
 .text.rt_thread_self
                0x80001d62        0x6 src/thread.o
                0x80001d62                rt_thread_self
 .text.rt_thread_create
                0x80001d68       0x58 src/thread.o
                0x80001d68                rt_thread_create
 .text.rt_thread_yield
                0x80001dc0       0x5c src/thread.o
                0x80001dc0                rt_thread_yield
 .text.rt_thread_suspend
                0x80001e1c       0x88 src/thread.o
                0x80001e1c                rt_thread_suspend
 .text.rt_thread_sleep
                0x80001ea4       0x8c src/thread.o
                0x80001ea4                rt_thread_sleep
 .text.rt_thread_mdelay
                0x80001f30        0xe src/thread.o
                0x80001f30                rt_thread_mdelay
 .text.rt_thread_resume
                0x80001f3e       0x8a src/thread.o
                0x80001f3e                rt_thread_resume
 .text.rt_thread_startup
                0x80001fc8       0x94 src/thread.o
                0x80001fc8                rt_thread_startup
 .text._rt_timer_remove
                0x8000205c       0x12 src/timer.o
 .text.rt_timer_init
                0x8000206e       0x72 src/timer.o
                0x8000206e                rt_timer_init
 .text.rt_timer_detach
                0x800020e0       0x8a src/timer.o
                0x800020e0                rt_timer_detach
 .text.rt_timer_start
                0x8000216a       0xea src/timer.o
                0x8000216a                rt_timer_start
 .text.rt_timer_stop
                0x80002254       0x7a src/timer.o
                0x80002254                rt_timer_stop
 .text.rt_timer_control
                0x800022ce       0x9a src/timer.o
                0x800022ce                rt_timer_control
 .text.rt_timer_check
                0x80002368       0x84 src/timer.o
                0x80002368                rt_timer_check
 .text.rt_system_timer_init
                0x800023ec        0xa src/timer.o
                0x800023ec                rt_system_timer_init
 .text.rt_system_timer_thread_init
                0x800023f6        0x2 src/timer.o
                0x800023f6                rt_system_timer_thread_init
 .text.rt_device_find
                0x800023f8        0x6 device/device.o
                0x800023f8                rt_device_find
 .text.rt_device_open
                0x800023fe       0xf8 device/device.o
                0x800023fe                rt_device_open
 .text.rt_device_close
                0x800024f6       0x7c device/device.o
                0x800024f6                rt_device_close
 .text.rt_device_read
                0x80002572       0x8a device/device.o
                0x80002572                rt_device_read
 .text.rt_device_write
                0x800025fc       0x8a device/device.o
                0x800025fc                rt_device_write
 .text.rt_device_set_rx_indicate
                0x80002686       0x58 device/device.o
                0x80002686                rt_device_set_rx_indicate
 .text.rt_hw_uart_init
                0x800026de        0x2 bsp/board.o
                0x800026de                rt_hw_uart_init
 .text.rt_hw_board_init
                0x800026e0       0x54 bsp/board.o
                0x800026e0                rt_hw_board_init
 .text.rt_hw_console_output
                0x80002734       0x3c bsp/board.o
                0x80002734                rt_hw_console_output
 .text.uart_isr
                0x80002770       0x46 bsp/uart_irq.o
 .text.uart_irq_init
                0x800027b6       0x5e bsp/uart_irq.o
                0x800027b6                uart_irq_init
 .text.rt_hw_console_getchar
                0x80002814       0x2e bsp/uart_irq.o
                0x80002814                rt_hw_console_getchar
 .text.finsh_rx_ind
                0x80002842       0x36 finsh/shell.o
 .text.finsh_get_prompt
                0x80002878       0x6a finsh/shell.o
                0x80002878                finsh_get_prompt
 .text.finsh_set_prompt_mode
                0x800028e2       0x48 finsh/shell.o
                0x800028e2                finsh_set_prompt_mode
 .text.finsh_system_init
                0x8000292a       0xa8 finsh/shell.o
                0x8000292a                finsh_system_init
 .text.finsh_set_device
                0x800029d2       0xbc finsh/shell.o
                0x800029d2                finsh_set_device
 .text.finsh_thread_entry
                0x80002a8e      0x38e finsh/shell.o
                0x80002a8e                finsh_thread_entry
 .text.hello    0x80002e1c       0x18 finsh/cmd.o
                0x80002e1c                hello
 .text.version  0x80002e34       0x10 finsh/cmd.o
                0x80002e34                version
 .text.list_get_next
                0x80002e44       0x84 finsh/cmd.o
 .text.list     0x80002ec8       0x5e finsh/cmd.o
                0x80002ec8                list
 .text.object_split.constprop.0
                0x80002f26       0x28 finsh/cmd.o
 .text.list_timer
                0x80002f4e      0x102 finsh/cmd.o
                0x80002f4e                list_timer
 .text.list_thread
                0x80003050      0x176 finsh/cmd.o
                0x80003050                list_thread
 .text.list_device
                0x800031c6       0xf4 finsh/cmd.o
                0x800031c6                list_device
 .text.list_sem
                0x800032ba      0x144 finsh/cmd.o
                0x800032ba                list_sem
 .text.msh_help
                0x800033fe       0x6a finsh/msh.o
                0x800033fe                msh_help
 .text.cmd_ps   0x80003468       0x10 finsh/msh.o
                0x80003468                cmd_ps
 .text.cmd_free
                0x80003478       0x10 finsh/msh.o
                0x80003478                cmd_free
 .text.msh_is_used
                0x80003488        0x4 finsh/msh.o
                0x80003488                msh_is_used
 .text.msh_exec
                0x8000348c      0x1c6 finsh/msh.o
                0x8000348c                msh_exec
 .text.msh_auto_complete
                0x80003652       0xd6 finsh/msh.o
                0x80003652                msh_auto_complete
 .text.rtthread1_entry
                0x80003728       0x82 applications/main.o
                0x80003728                rtthread1_entry
 .text.simple_add
                0x800037aa       0x32 applications/main.o
                0x800037aa                simple_add
 .text.startup.main
                0x800037dc       0x56 applications/main.o
                0x800037dc                main
 .text.strcat   0x80003832       0x68 D:/RISCV-none-elf-gcc/xpack-riscv-none-elf-gcc-15.2.0-1-win32-x64/xpack-riscv-none-elf-gcc-15.2.0-1/bin/../lib/gcc/riscv-none-elf/15.2.0/../../../../riscv-none-elf/lib\libc.a(libc_a-strcat.o)
                0x80003832                strcat
 .text.strncmp  0x8000389a       0x7a D:/RISCV-none-elf-gcc/xpack-riscv-none-elf-gcc-15.2.0-1-win32-x64/xpack-riscv-none-elf-gcc-15.2.0-1/bin/../lib/gcc/riscv-none-elf/15.2.0/../../../../riscv-none-elf/lib\libc.a(libc_a-strncmp.o)
                0x8000389a                strncmp
 .text.strncpy  0x80003914       0x78 D:/RISCV-none-elf-gcc/xpack-riscv-none-elf-gcc-15.2.0-1-win32-x64/xpack-riscv-none-elf-gcc-15.2.0-1/bin/../lib/gcc/riscv-none-elf/15.2.0/../../../../riscv-none-elf/lib\libc.a(libc_a-strncpy.o)
                0x80003914                strncpy
 .text          0x8000398c       0xa8 D:/RISCV-none-elf-gcc/xpack-riscv-none-elf-gcc-15.2.0-1-win32-x64/xpack-riscv-none-elf-gcc-15.2.0-1/bin/../lib/gcc/riscv-none-elf/15.2.0/../../../../riscv-none-elf/lib\libc.a(libc_a-memset.o)
                0x8000398c                memset
 .text.memcpy   0x80003a34       0xe8 D:/RISCV-none-elf-gcc/xpack-riscv-none-elf-gcc-15.2.0-1-win32-x64/xpack-riscv-none-elf-gcc-15.2.0-1/bin/../lib/gcc/riscv-none-elf/15.2.0/../../../../riscv-none-elf/lib\libc.a(libc_a-memcpy.o)
                0x80003a34                memcpy
 .text.strlen   0x80003b1c       0x64 D:/RISCV-none-elf-gcc/xpack-riscv-none-elf-gcc-15.2.0-1-win32-x64/xpack-riscv-none-elf-gcc-15.2.0-1/bin/../lib/gcc/riscv-none-elf/15.2.0/../../../../riscv-none-elf/lib\libc.a(libc_a-strlen.o)
                0x80003b1c                strlen
 .text.strcpy   0x80003b80       0x76 D:/RISCV-none-elf-gcc/xpack-riscv-none-elf-gcc-15.2.0-1-win32-x64/xpack-riscv-none-elf-gcc-15.2.0-1/bin/../lib/gcc/riscv-none-elf/15.2.0/../../../../riscv-none-elf/lib\libc.a(libc_a-strcpy.o)
                0x80003b80                strcpy
                0x80003bf8                        . = ALIGN (0x4)
 *fill*         0x80003bf6        0x2 
                0x80003bf8                        __rt_init_start = .
 *(SORT_BY_NAME(.rti_fn*))
 .rti_fn.0      0x80003bf8        0x4 src/components.o
                0x80003bf8                __rt_init_rti_start
 .rti_fn.0.end  0x80003bfc        0x4 src/components.o
                0x80003bfc                __rt_init_rti_board_start
 .rti_fn.1.end  0x80003c00        0x4 src/components.o
                0x80003c00                __rt_init_rti_board_end
 .rti_fn.6      0x80003c04        0x4 finsh/shell.o
                0x80003c04                __rt_init_finsh_system_init
 .rti_fn.6.end  0x80003c08        0x4 src/components.o
                0x80003c08                __rt_init_rti_end
                0x80003c0c                        __rt_init_end = .

.rodata         0x80003c0c     0x169c
 *(.rodata .rodata.*)
 .rodata.rt_hw_cpu_shutdown.str1.4
                0x80003c0c      0xe39 libcpu/cpuport.o
                                  0xe (size before relaxing)
 *fill*         0x80004a45        0x3 
 .rodata.__FUNCTION__.0
                0x80004a48       0x13 libcpu/cpuport.o
 .rodata.rt_hw_trap_handler.str1.4
                0x80004a5b        0x0 libcpu/interrupt.o
                                0x10f (size before relaxing)
 .rodata.rt_application_init.str1.4
                0x80004a5b        0x0 src/components.o
                                 0x17 (size before relaxing)
 *fill*         0x80004a5b        0x1 
 .rodata.__FUNCTION__.0
                0x80004a5c       0x14 src/components.o
 .rodata.rt_thread_idle_excute.str1.4
                0x80004a70        0x0 src/idle.o
                                 0x2a (size before relaxing)
 .rodata.rt_thread_idle_init.str1.4
                0x80004a70        0x0 src/idle.o
                                  0x6 (size before relaxing)
 .rodata.__FUNCTION__.0
                0x80004a70       0x16 src/idle.o
 .rodata.rt_sem_init.str1.4
                0x80004a86        0x0 src/ipc.o
                                 0x21 (size before relaxing)
 .rodata.rt_sem_detach.str1.4
                0x80004a86        0x0 src/ipc.o
                                 0x77 (size before relaxing)
 .rodata.rt_sem_create.str1.4
                0x80004a86        0x0 src/ipc.o
                                 0x2a (size before relaxing)
 .rodata.rt_sem_take.str1.4
                0x80004a86        0x0 src/ipc.o
                                 0x37 (size before relaxing)
 *fill*         0x80004a86        0x2 
 .rodata.__FUNCTION__.1
                0x80004a88        0xf src/ipc.o
 *fill*         0x80004a97        0x1 
 .rodata.__FUNCTION__.2
                0x80004a98        0xc src/ipc.o
 .rodata.__FUNCTION__.6
                0x80004aa4        0xc src/ipc.o
 .rodata.rt_vsnprintf.str1.4
                0x80004ab0        0x0 src/kservice.o
                                  0x7 (size before relaxing)
 .rodata.rt_vsnprintf
                0x80004ab0       0x58 src/kservice.o
 .rodata.rt_show_version.str1.4
                0x80004b08        0x0 src/kservice.o
                                 0x86 (size before relaxing)
 .rodata.rt_assert_handler.str1.4
                0x80004b08        0x0 src/kservice.o
                                 0x37 (size before relaxing)
 .rodata.small_digits.1
                0x80004b08       0x11 src/kservice.o
 *fill*         0x80004b19        0x3 
 .rodata.large_digits.2
                0x80004b1c       0x11 src/kservice.o
 *fill*         0x80004b2d        0x3 
 .rodata.__lowest_bit_bitmap
                0x80004b30      0x100 src/kservice.o
                0x80004b30                __lowest_bit_bitmap
 .rodata.list_mem.str1.4
                0x80004c30        0x0 src/mem.o
                                 0x46 (size before relaxing)
 .rodata.plug_holes.str1.4
                0x80004c30        0x0 src/mem.o
                                 0x5b (size before relaxing)
 .rodata.rt_system_heap_init.str1.4
                0x80004c30        0x0 src/mem.o
                                 0x6e (size before relaxing)
 .rodata.rt_malloc.str1.4
                0x80004c30        0x0 src/mem.o
                                 0xc4 (size before relaxing)
 .rodata.rt_free.str1.4
                0x80004c30        0x0 src/mem.o
                                0x101 (size before relaxing)
 .rodata.__FUNCTION__.1
                0x80004c30        0xb src/mem.o
 *fill*         0x80004c3b        0x1 
 .rodata.__FUNCTION__.3
                0x80004c3c        0xa src/mem.o
 *fill*         0x80004c46        0x2 
 .rodata.__FUNCTION__.4
                0x80004c48       0x14 src/mem.o
 .rodata.name   0x80004c5c       0x29 src/mem.o
                0x80004c5c                __fsym_list_mem_desc
                0x80004c7c                __fsym_list_mem_name
 .rodata.rt_object_init.str1.4
                0x80004c85        0x0 src/object.o
                                 0x26 (size before relaxing)
 .rodata.rt_object_detach.str1.4
                0x80004c85        0x0 src/object.o
                                 0x12 (size before relaxing)
 .rodata.rt_object_allocate.str1.4
                0x80004c85        0x0 src/object.o
                                 0x2a (size before relaxing)
 .rodata.rt_object_delete.str1.4
                0x80004c85        0x0 src/object.o
                                 0x29 (size before relaxing)
 *fill*         0x80004c85        0x3 
 .rodata.__FUNCTION__.0
                0x80004c88        0xf src/object.o
 *fill*         0x80004c97        0x1 
 .rodata.__FUNCTION__.1
                0x80004c98       0x13 src/object.o
 *fill*         0x80004cab        0x1 
 .rodata.__FUNCTION__.2
                0x80004cac       0x1a src/object.o
 *fill*         0x80004cc6        0x2 
 .rodata.__FUNCTION__.3
                0x80004cc8       0x11 src/object.o
 *fill*         0x80004cd9        0x3 
 .rodata.__FUNCTION__.4
                0x80004cdc       0x13 src/object.o
 *fill*         0x80004cef        0x1 
 .rodata.__FUNCTION__.5
                0x80004cf0       0x11 src/object.o
 *fill*         0x80004d01        0x3 
 .rodata.__FUNCTION__.6
                0x80004d04        0xf src/object.o
 .rodata.rt_schedule_insert_thread.str1.4
                0x80004d13        0x0 src/scheduler.o
                                 0x12 (size before relaxing)
 *fill*         0x80004d13        0x1 
 .rodata.__FUNCTION__.0
                0x80004d14       0x1a src/scheduler.o
 *fill*         0x80004d2e        0x2 
 .rodata.__FUNCTION__.1
                0x80004d30       0x1a src/scheduler.o
 .rodata.rt_thread_timeout.str1.4
                0x80004d4a        0x0 src/thread.o
                                 0x92 (size before relaxing)
 .rodata._rt_thread_init.isra.0.str1.4
                0x80004d4a        0x0 src/thread.o
                                 0x22 (size before relaxing)
 .rodata.rt_thread_init.str1.4
                0x80004d4a        0x0 src/thread.o
                                 0x17 (size before relaxing)
 .rodata.rt_thread_startup.str1.4
                0x80004d4a        0x0 src/thread.o
                                 0x37 (size before relaxing)
 *fill*         0x80004d4a        0x2 
 .rodata.__FUNCTION__.1
                0x80004d4c       0x12 src/thread.o
 *fill*         0x80004d5e        0x2 
 .rodata.__FUNCTION__.2
                0x80004d60       0x11 src/thread.o
 *fill*         0x80004d71        0x3 
 .rodata.__FUNCTION__.3
                0x80004d74       0x12 src/thread.o
 *fill*         0x80004d86        0x2 
 .rodata.__FUNCTION__.5
                0x80004d88       0x10 src/thread.o
 .rodata.__FUNCTION__.8
                0x80004d98       0x12 src/thread.o
 *fill*         0x80004daa        0x2 
 .rodata.__FUNCTION__.9
                0x80004dac       0x10 src/thread.o
 .rodata.__FUNCTION__.10
                0x80004dbc        0xf src/thread.o
 .rodata.rt_timer_init.str1.4
                0x80004dcb        0x0 src/timer.o
                                 0x11 (size before relaxing)
 .rodata.rt_timer_detach.str1.4
                0x80004dcb        0x0 src/timer.o
                                 0x66 (size before relaxing)
 .rodata.rt_timer_start.str1.4
                0x80004dcb        0x0 src/timer.o
                                 0x23 (size before relaxing)
 *fill*         0x80004dcb        0x1 
 .rodata.__FUNCTION__.0
                0x80004dcc       0x11 src/timer.o
 *fill*         0x80004ddd        0x3 
 .rodata.__FUNCTION__.1
                0x80004de0        0xe src/timer.o
 *fill*         0x80004dee        0x2 
 .rodata.__FUNCTION__.3
                0x80004df0        0xf src/timer.o
 *fill*         0x80004dff        0x1 
 .rodata.__FUNCTION__.5
                0x80004e00       0x10 src/timer.o
 .rodata.__FUNCTION__.6
                0x80004e10        0xe src/timer.o
 .rodata.rt_device_unregister.str1.4
                0x80004e1e        0x0 device/device.o
                                 0x74 (size before relaxing)
 .rodata.rt_device_init.str1.4
                0x80004e1e        0x0 device/device.o
                                 0x36 (size before relaxing)
 .rodata.rt_device_open.str1.4
                0x80004e1e        0x0 device/device.o
                                 0x14 (size before relaxing)
 *fill*         0x80004e1e        0x2 
 .rodata.__FUNCTION__.1
                0x80004e20       0x1a device/device.o
 *fill*         0x80004e3a        0x2 
 .rodata.__FUNCTION__.3
                0x80004e3c       0x10 device/device.o
 .rodata.__FUNCTION__.4
                0x80004e4c        0xf device/device.o
 *fill*         0x80004e5b        0x1 
 .rodata.__FUNCTION__.5
                0x80004e5c       0x10 device/device.o
 .rodata.__FUNCTION__.6
                0x80004e6c        0xf device/device.o
 .rodata.rt_hw_board_init.str1.4
                0x80004e7b        0x0 bsp/board.o
                                 0x42 (size before relaxing)
 .rodata.uart_irq_init.str1.4
                0x80004e7b        0x0 bsp/uart_irq.o
                                  0xa (size before relaxing)
 .rodata.finsh_rx_ind.str1.4
                0x80004e7b        0x0 finsh/shell.o
                                 0x11 (size before relaxing)
 .rodata.finsh_get_prompt.str1.4
                0x80004e7b        0x0 finsh/shell.o
                                 0x12 (size before relaxing)
 .rodata.finsh_system_init.str1.4
                0x80004e7b        0x0 finsh/shell.o
                                 0x25 (size before relaxing)
 .rodata.finsh_set_device.str1.4
                0x80004e7b        0x0 finsh/shell.o
                                 0x20 (size before relaxing)
 .rodata.finsh_thread_entry.str1.4
                0x80004e7b        0x0 finsh/shell.o
                                 0x23 (size before relaxing)
 *fill*         0x80004e7b        0x1 
 .rodata.finsh_thread_entry
                0x80004e7c       0x38 finsh/shell.o
 .rodata.__FUNCTION__.0
                0x80004eb4        0xe finsh/shell.o
 *fill*         0x80004ec2        0x2 
 .rodata.__FUNCTION__.4
                0x80004ec4        0xd finsh/shell.o
 *fill*         0x80004ed1        0x3 
 .rodata.__FUNCTION__.5
                0x80004ed4       0x11 finsh/shell.o
 *fill*         0x80004ee5        0x3 
 .rodata.__FUNCTION__.6
                0x80004ee8       0x16 finsh/shell.o
 .rodata.hello.str1.4
                0x80004efe        0x0 finsh/cmd.o
                                 0x12 (size before relaxing)
 .rodata.list.str1.4
                0x80004efe        0x0 finsh/cmd.o
                                 0x25 (size before relaxing)
 .rodata.object_split.constprop.0.str1.4
                0x80004efe        0x0 finsh/cmd.o
                                  0x2 (size before relaxing)
 .rodata.list_timer.str1.4
                0x80004efe        0x0 finsh/cmd.o
                                 0x9d (size before relaxing)
 .rodata.list_thread.str1.4
                0x80004efe        0x0 finsh/cmd.o
                                 0xfc (size before relaxing)
 *fill*         0x80004efe        0x2 
 .rodata.list_thread
                0x80004f00       0x14 finsh/cmd.o
 .rodata.list_device.str1.4
                0x80004f14        0x0 finsh/cmd.o
                                 0x77 (size before relaxing)
 .rodata.list_sem.str1.4
                0x80004f14        0x0 finsh/cmd.o
                                 0x6c (size before relaxing)
 .rodata.name   0x80004f14      0x1c6 finsh/cmd.o
                0x80004f14                __fsym_list_desc
                0x80004f30                __fsym_list_name
                0x80004f38                __fsym___cmd_list_device_desc
                0x80004f50                __fsym___cmd_list_device_name
                0x80004f64                __fsym_list_device_desc
                0x80004f7c                __fsym_list_device_name
                0x80004f88                __fsym___cmd_list_timer_desc
                0x80004fa0                __fsym___cmd_list_timer_name
                0x80004fb4                __fsym_list_timer_desc
                0x80004fcc                __fsym_list_timer_name
                0x80004fd8                __fsym___cmd_list_sem_desc
                0x80004ff4                __fsym___cmd_list_sem_name
                0x80005004                __fsym_list_sem_desc
                0x80005020                __fsym_list_sem_name
                0x8000502c                __fsym___cmd_list_thread_desc
                0x80005038                __fsym___cmd_list_thread_name
                0x8000504c                __fsym_list_thread_desc
                0x80005058                __fsym_list_thread_name
                0x80005064                __fsym___cmd_version_desc
                0x80005088                __fsym___cmd_version_name
                0x80005098                __fsym_version_desc
                0x800050bc                __fsym_version_name
                0x800050c4                __fsym_hello_desc
                0x800050d4                __fsym_hello_name
 .rodata.str1.4
                0x800050da        0x0 finsh/cmd.o
                                0x12c (size before relaxing)
 *fill*         0x800050da        0x2 
 .rodata.device_type_str
                0x800050dc       0x58 finsh/cmd.o
 .rodata.msh_help.str1.4
                0x80005134        0x0 finsh/msh.o
                                 0x32 (size before relaxing)
 .rodata.msh_exec.str1.4
                0x80005134        0x0 finsh/msh.o
                                 0x3c (size before relaxing)
 .rodata.msh_auto_complete.str1.4
                0x80005134        0x0 finsh/msh.o
                                  0x4 (size before relaxing)
 .rodata.name   0x80005134       0x7f finsh/msh.o
                0x80005134                __fsym___cmd_free_desc
                0x8000515c                __fsym___cmd_free_name
                0x80005168                __fsym___cmd_ps_desc
                0x80005184                __fsym___cmd_ps_name
                0x80005190                __fsym___cmd_help_desc
                0x800051a8                __fsym___cmd_help_name
 .rodata.rtthread1_entry.str1.4
                0x800051b3        0x0 applications/main.o
                                 0x15 (size before relaxing)
 .rodata.simple_add.str1.4
                0x800051b3        0x0 applications/main.o
                                  0x8 (size before relaxing)
 .rodata.main.str1.4
                0x800051b3        0x0 applications/main.o
                                 0x5d (size before relaxing)
 *fill*         0x800051b3        0x1 
 .rodata.name   0x800051b4       0x1d applications/main.o
                0x800051b4                __fsym___cmd_simple_add_desc
                0x800051c0                __fsym___cmd_simple_add_name
 *(.srodata .srodata.*)
 *fill*         0x800051d1        0x3 
 .srodata.__FUNCTION__.0
                0x800051d4        0x8 src/mem.o
                0x800051dc                        . = ALIGN (0x4)
                0x800051dc                        __fsymtab_start = .
 *(FSymTab)
 FSymTab        0x800051dc        0xc src/mem.o
                0x800051dc                __fsym_list_mem
 FSymTab        0x800051e8       0x90 finsh/cmd.o
                0x800051e8                __fsym_list
                0x800051f4                __fsym___cmd_list_device
                0x80005200                __fsym_list_device
                0x8000520c                __fsym___cmd_list_timer
                0x80005218                __fsym_list_timer
                0x80005224                __fsym___cmd_list_sem
                0x80005230                __fsym_list_sem
                0x8000523c                __fsym___cmd_list_thread
                0x80005248                __fsym_list_thread
                0x80005254                __fsym___cmd_version
                0x80005260                __fsym_version
                0x8000526c                __fsym_hello
 FSymTab        0x80005278       0x24 finsh/msh.o
                0x80005278                __fsym___cmd_free
                0x80005284                __fsym___cmd_ps
                0x80005290                __fsym___cmd_help
 FSymTab        0x8000529c        0xc applications/main.o
                0x8000529c                __fsym___cmd_simple_add
                0x800052a8                        __fsymtab_end = .
                0x800052a8                        . = ALIGN (0x4)
                0x800052a8                        __vsymtab_start = .
 *(VSymTab)
                0x800052a8                        __vsymtab_end = .

.rela.dyn       0x800052a8        0x0
 .rela.text.init
                0x800052a8        0x0 start.o
 .rela.text.rt_hw_board_init
                0x800052a8        0x0 start.o
 .rela.text.finsh_system_init
                0x800052a8        0x0 start.o

.data           0x800052a8       0x44
                0x800052a8                        _data_start = .
 *(.data .data.*)
 .data.rt_object_container
                0x800052a8       0x40 src/object.o
                0x80005ae8                        PROVIDE (__global_pointer$ = (. + 0x800))
 *(.sdata .sdata.*)
 .sdata.k       0x800052e8        0x4 applications/main.o
                0x800052ec                        _data_end = .

.bss            0x800052ec      0x680
                0x800052ec                        _bss_start = .
 *(.bss .bss.*)
 .bss.irq_desc_table
                0x800052ec      0x100 libcpu/interrupt.o
 .bss.rt_thread_stack
                0x800053ec      0x100 src/idle.o
 .bss.idle      0x800054ec       0x78 src/idle.o
 .bss.rt_log_buf.0
                0x80005564      0x100 src/kservice.o
 .bss.heap_sem  0x80005664       0x20 src/mem.o
 .bss.rt_thread_priority_table
                0x80005684      0x100 src/scheduler.o
                0x80005684                rt_thread_priority_table
 .bss.g_uart_rx_sem
                0x80005784       0x20 bsp/uart_irq.o
                0x80005784                g_uart_rx_sem
 .bss.g_uart_rx
                0x800057a4       0x48 bsp/uart_irq.o
                0x800057a4                g_uart_rx
 .bss.finsh_prompt.8
                0x800057ec      0x101 finsh/shell.o
 *(.sbss .sbss.*)
 *fill*         0x800058ed        0x3 
 .sbss.rt_thread_switch_interrupt_flag
                0x800058f0        0x4 libcpu/cpuport.o
                0x800058f0                rt_thread_switch_interrupt_flag
 .sbss.rt_interrupt_to_thread
                0x800058f4        0x4 libcpu/cpuport.o
                0x800058f4                rt_interrupt_to_thread
 .sbss.rt_interrupt_from_thread
                0x800058f8        0x4 libcpu/cpuport.o
                0x800058f8                rt_interrupt_from_thread
 .sbss.rt_tick  0x800058fc        0x4 src/clock.o
 .sbss.rt_interrupt_nest
                0x80005900        0x1 src/irq.o
                0x80005900                rt_interrupt_nest
 *fill*         0x80005901        0x3 
 .sbss.rt_assert_hook
                0x80005904        0x4 src/kservice.o
                0x80005904                rt_assert_hook
 .sbss._console_device
                0x80005908        0x4 src/kservice.o
 .sbss.__rt_errno
                0x8000590c        0x4 src/kservice.o
 .sbss.max_mem  0x80005910        0x4 src/mem.o
 .sbss.used_mem
                0x80005914        0x4 src/mem.o
 .sbss.mem_size_aligned
                0x80005918        0x4 src/mem.o
 .sbss.lfree    0x8000591c        0x4 src/mem.o
 .sbss.heap_end
                0x80005920        0x4 src/mem.o
 .sbss.heap_ptr
                0x80005924        0x4 src/mem.o
 .sbss.rt_thread_defunct
                0x80005928        0x8 src/scheduler.o
                0x80005928                rt_thread_defunct
 .sbss.rt_thread_ready_priority_group
                0x80005930        0x4 src/scheduler.o
                0x80005930                rt_thread_ready_priority_group
 .sbss.rt_current_priority
                0x80005934        0x1 src/scheduler.o
                0x80005934                rt_current_priority
 *fill*         0x80005935        0x3 
 .sbss.rt_current_thread
                0x80005938        0x4 src/scheduler.o
                0x80005938                rt_current_thread
 .sbss.rt_scheduler_lock_nest
                0x8000593c        0x2 src/scheduler.o
 *fill*         0x8000593e        0x2 
 .sbss.random_nr.2
                0x80005940        0x4 src/timer.o
 .sbss.rt_timer_list
                0x80005944        0x8 src/timer.o
 .sbss.finsh_prompt_custom
                0x8000594c        0x4 finsh/shell.o
 .sbss.shell    0x80005950        0x4 finsh/shell.o
                0x80005950                shell
 .sbss._sysvar_table_end
                0x80005954        0x4 finsh/shell.o
                0x80005954                _sysvar_table_end
 .sbss._sysvar_table_begin
                0x80005958        0x4 finsh/shell.o
                0x80005958                _sysvar_table_begin
 .sbss._syscall_table_end
                0x8000595c        0x4 finsh/shell.o
                0x8000595c                _syscall_table_end
 .sbss._syscall_table_begin
                0x80005960        0x4 finsh/shell.o
                0x80005960                _syscall_table_begin
 .sbss.sum      0x80005964        0x4 applications/main.o
 .sbss.cnt      0x80005968        0x4 applications/main.o
 *(COMMON)
                0x8000596c                        . = ALIGN (0x4)
                0x8000596c                        _bss_end = .

.heap           0x80005970     0x4000
                0x80005970                        __heap_start = .
                0x80009970                        . = (. + _heap_size)
 *fill*         0x80005970     0x4000 
                0x80009970                        __heap_end = .

.stack          0x80009970     0x2000
                0x80009970                        __stack_start = .
                0x8000b970                        . = (. + _stack_size)
 *fill*         0x80009970     0x2000 
                0x8000b970                        . = ALIGN (0x10)
                0x8000b970                        __stack_top = .
                0x8000b970                        _system_ram_end = .

/DISCARD/
 *(.eh_frame)
OUTPUT(rtthread.elf elf32-littleriscv)

.riscv.attributes
                0x00000000       0x5b
 .riscv.attributes
                0x00000000       0x55 start.o
 .riscv.attributes
                0x00000055       0x59 libcpu/context_gcc.o
 .riscv.attributes
                0x000000ae       0x59 libcpu/trap_entry.o
 .riscv.attributes
                0x00000107       0x57 libcpu/cpuport.o
 .riscv.attributes
                0x0000015e       0x5b libcpu/interrupt.o
 .riscv.attributes
                0x000001b9       0x57 src/clock.o
 .riscv.attributes
                0x00000210       0x57 src/components.o
 .riscv.attributes
                0x00000267       0x57 src/idle.o
 .riscv.attributes
                0x000002be       0x57 src/ipc.o
 .riscv.attributes
                0x00000315       0x57 src/irq.o
 .riscv.attributes
                0x0000036c       0x57 src/kservice.o
 .riscv.attributes
                0x000003c3       0x57 src/mem.o
 .riscv.attributes
                0x0000041a       0x57 src/object.o
 .riscv.attributes
                0x00000471       0x57 src/scheduler.o
 .riscv.attributes
                0x000004c8       0x57 src/thread.o
 .riscv.attributes
                0x0000051f       0x57 src/timer.o
 .riscv.attributes
                0x00000576       0x57 device/device.o
 .riscv.attributes
                0x000005cd       0x57 bsp/board.o
 .riscv.attributes
                0x00000624       0x57 bsp/uart_irq.o
 .riscv.attributes
                0x0000067b       0x57 finsh/shell.o
 .riscv.attributes
                0x000006d2       0x57 finsh/cmd.o
 .riscv.attributes
                0x00000729       0x57 finsh/msh.o
 .riscv.attributes
                0x00000780       0x57 applications/main.o
 .riscv.attributes
                0x000007d7       0x4e D:/RISCV-none-elf-gcc/xpack-riscv-none-elf-gcc-15.2.0-1-win32-x64/xpack-riscv-none-elf-gcc-15.2.0-1/bin/../lib/gcc/riscv-none-elf/15.2.0/../../../../riscv-none-elf/lib\libc.a(libc_a-strcat.o)
 .riscv.attributes
                0x00000825       0x4e D:/RISCV-none-elf-gcc/xpack-riscv-none-elf-gcc-15.2.0-1-win32-x64/xpack-riscv-none-elf-gcc-15.2.0-1/bin/../lib/gcc/riscv-none-elf/15.2.0/../../../../riscv-none-elf/lib\libc.a(libc_a-strncmp.o)
 .riscv.attributes
                0x00000873       0x4e D:/RISCV-none-elf-gcc/xpack-riscv-none-elf-gcc-15.2.0-1-win32-x64/xpack-riscv-none-elf-gcc-15.2.0-1/bin/../lib/gcc/riscv-none-elf/15.2.0/../../../../riscv-none-elf/lib\libc.a(libc_a-strncpy.o)
 .riscv.attributes
                0x000008c1       0x4c D:/RISCV-none-elf-gcc/xpack-riscv-none-elf-gcc-15.2.0-1-win32-x64/xpack-riscv-none-elf-gcc-15.2.0-1/bin/../lib/gcc/riscv-none-elf/15.2.0/../../../../riscv-none-elf/lib\libc.a(libc_a-memset.o)
 .riscv.attributes
                0x0000090d       0x4e D:/RISCV-none-elf-gcc/xpack-riscv-none-elf-gcc-15.2.0-1-win32-x64/xpack-riscv-none-elf-gcc-15.2.0-1/bin/../lib/gcc/riscv-none-elf/15.2.0/../../../../riscv-none-elf/lib\libc.a(libc_a-memcpy.o)
 .riscv.attributes
                0x0000095b       0x4e D:/RISCV-none-elf-gcc/xpack-riscv-none-elf-gcc-15.2.0-1-win32-x64/xpack-riscv-none-elf-gcc-15.2.0-1/bin/../lib/gcc/riscv-none-elf/15.2.0/../../../../riscv-none-elf/lib\libc.a(libc_a-strlen.o)
 .riscv.attributes
                0x000009a9       0x4e D:/RISCV-none-elf-gcc/xpack-riscv-none-elf-gcc-15.2.0-1-win32-x64/xpack-riscv-none-elf-gcc-15.2.0-1/bin/../lib/gcc/riscv-none-elf/15.2.0/../../../../riscv-none-elf/lib\libc.a(libc_a-strcpy.o)

.comment        0x00000000       0x33
 .comment       0x00000000       0x33 libcpu/cpuport.o
                                 0x34 (size before relaxing)
 .comment       0x00000033        0x0 libcpu/interrupt.o
                                 0x34 (size before relaxing)
 .comment       0x00000033        0x0 src/clock.o
                                 0x34 (size before relaxing)
 .comment       0x00000033        0x0 src/components.o
                                 0x34 (size before relaxing)
 .comment       0x00000033        0x0 src/idle.o
                                 0x34 (size before relaxing)
 .comment       0x00000033        0x0 src/ipc.o
                                 0x34 (size before relaxing)
 .comment       0x00000033        0x0 src/irq.o
                                 0x34 (size before relaxing)
 .comment       0x00000033        0x0 src/kservice.o
                                 0x34 (size before relaxing)
 .comment       0x00000033        0x0 src/mem.o
                                 0x34 (size before relaxing)
 .comment       0x00000033        0x0 src/object.o
                                 0x34 (size before relaxing)
 .comment       0x00000033        0x0 src/scheduler.o
                                 0x34 (size before relaxing)
 .comment       0x00000033        0x0 src/thread.o
                                 0x34 (size before relaxing)
 .comment       0x00000033        0x0 src/timer.o
                                 0x34 (size before relaxing)
 .comment       0x00000033        0x0 device/device.o
                                 0x34 (size before relaxing)
 .comment       0x00000033        0x0 bsp/board.o
                                 0x34 (size before relaxing)
 .comment       0x00000033        0x0 bsp/uart_irq.o
                                 0x34 (size before relaxing)
 .comment       0x00000033        0x0 finsh/shell.o
                                 0x34 (size before relaxing)
 .comment       0x00000033        0x0 finsh/cmd.o
                                 0x34 (size before relaxing)
 .comment       0x00000033        0x0 finsh/msh.o
                                 0x34 (size before relaxing)
 .comment       0x00000033        0x0 applications/main.o
                                 0x34 (size before relaxing)
 .comment       0x00000033        0x0 D:/RISCV-none-elf-gcc/xpack-riscv-none-elf-gcc-15.2.0-1-win32-x64/xpack-riscv-none-elf-gcc-15.2.0-1/bin/../lib/gcc/riscv-none-elf/15.2.0/../../../../riscv-none-elf/lib\libc.a(libc_a-strcat.o)
                                 0x34 (size before relaxing)
 .comment       0x00000033        0x0 D:/RISCV-none-elf-gcc/xpack-riscv-none-elf-gcc-15.2.0-1-win32-x64/xpack-riscv-none-elf-gcc-15.2.0-1/bin/../lib/gcc/riscv-none-elf/15.2.0/../../../../riscv-none-elf/lib\libc.a(libc_a-strncmp.o)
                                 0x34 (size before relaxing)
 .comment       0x00000033        0x0 D:/RISCV-none-elf-gcc/xpack-riscv-none-elf-gcc-15.2.0-1-win32-x64/xpack-riscv-none-elf-gcc-15.2.0-1/bin/../lib/gcc/riscv-none-elf/15.2.0/../../../../riscv-none-elf/lib\libc.a(libc_a-strncpy.o)
                                 0x34 (size before relaxing)
 .comment       0x00000033        0x0 D:/RISCV-none-elf-gcc/xpack-riscv-none-elf-gcc-15.2.0-1-win32-x64/xpack-riscv-none-elf-gcc-15.2.0-1/bin/../lib/gcc/riscv-none-elf/15.2.0/../../../../riscv-none-elf/lib\libc.a(libc_a-memcpy.o)
                                 0x34 (size before relaxing)
 .comment       0x00000033        0x0 D:/RISCV-none-elf-gcc/xpack-riscv-none-elf-gcc-15.2.0-1-win32-x64/xpack-riscv-none-elf-gcc-15.2.0-1/bin/../lib/gcc/riscv-none-elf/15.2.0/../../../../riscv-none-elf/lib\libc.a(libc_a-strlen.o)
                                 0x34 (size before relaxing)
 .comment       0x00000033        0x0 D:/RISCV-none-elf-gcc/xpack-riscv-none-elf-gcc-15.2.0-1-win32-x64/xpack-riscv-none-elf-gcc-15.2.0-1/bin/../lib/gcc/riscv-none-elf/15.2.0/../../../../riscv-none-elf/lib\libc.a(libc_a-strcpy.o)
                                 0x34 (size before relaxing)

.note.GNU-stack
                0x00000000        0x0
 .note.GNU-stack
                0x00000000        0x0 libcpu/cpuport.o
 .note.GNU-stack
                0x00000000        0x0 libcpu/interrupt.o
 .note.GNU-stack
                0x00000000        0x0 src/clock.o
 .note.GNU-stack
                0x00000000        0x0 src/components.o
 .note.GNU-stack
                0x00000000        0x0 src/idle.o
 .note.GNU-stack
                0x00000000        0x0 src/ipc.o
 .note.GNU-stack
                0x00000000        0x0 src/irq.o
 .note.GNU-stack
                0x00000000        0x0 src/kservice.o
 .note.GNU-stack
                0x00000000        0x0 src/mem.o
 .note.GNU-stack
                0x00000000        0x0 src/object.o
 .note.GNU-stack
                0x00000000        0x0 src/scheduler.o
 .note.GNU-stack
                0x00000000        0x0 src/thread.o
 .note.GNU-stack
                0x00000000        0x0 src/timer.o
 .note.GNU-stack
                0x00000000        0x0 device/device.o
 .note.GNU-stack
                0x00000000        0x0 bsp/board.o
 .note.GNU-stack
                0x00000000        0x0 bsp/uart_irq.o
 .note.GNU-stack
                0x00000000        0x0 finsh/shell.o
 .note.GNU-stack
                0x00000000        0x0 finsh/cmd.o
 .note.GNU-stack
                0x00000000        0x0 finsh/msh.o
 .note.GNU-stack
                0x00000000        0x0 applications/main.o
 .note.GNU-stack
                0x00000000        0x0 D:/RISCV-none-elf-gcc/xpack-riscv-none-elf-gcc-15.2.0-1-win32-x64/xpack-riscv-none-elf-gcc-15.2.0-1/bin/../lib/gcc/riscv-none-elf/15.2.0/../../../../riscv-none-elf/lib\libc.a(libc_a-strcat.o)
 .note.GNU-stack
                0x00000000        0x0 D:/RISCV-none-elf-gcc/xpack-riscv-none-elf-gcc-15.2.0-1-win32-x64/xpack-riscv-none-elf-gcc-15.2.0-1/bin/../lib/gcc/riscv-none-elf/15.2.0/../../../../riscv-none-elf/lib\libc.a(libc_a-strncmp.o)
 .note.GNU-stack
                0x00000000        0x0 D:/RISCV-none-elf-gcc/xpack-riscv-none-elf-gcc-15.2.0-1-win32-x64/xpack-riscv-none-elf-gcc-15.2.0-1/bin/../lib/gcc/riscv-none-elf/15.2.0/../../../../riscv-none-elf/lib\libc.a(libc_a-strncpy.o)
 .note.GNU-stack
                0x00000000        0x0 D:/RISCV-none-elf-gcc/xpack-riscv-none-elf-gcc-15.2.0-1-win32-x64/xpack-riscv-none-elf-gcc-15.2.0-1/bin/../lib/gcc/riscv-none-elf/15.2.0/../../../../riscv-none-elf/lib\libc.a(libc_a-memcpy.o)
 .note.GNU-stack
                0x00000000        0x0 D:/RISCV-none-elf-gcc/xpack-riscv-none-elf-gcc-15.2.0-1-win32-x64/xpack-riscv-none-elf-gcc-15.2.0-1/bin/../lib/gcc/riscv-none-elf/15.2.0/../../../../riscv-none-elf/lib\libc.a(libc_a-strlen.o)
 .note.GNU-stack
                0x00000000        0x0 D:/RISCV-none-elf-gcc/xpack-riscv-none-elf-gcc-15.2.0-1-win32-x64/xpack-riscv-none-elf-gcc-15.2.0-1/bin/../lib/gcc/riscv-none-elf/15.2.0/../../../../riscv-none-elf/lib\libc.a(libc_a-strcpy.o)

.debug_info     0x00000000     0xe801
 .debug_info    0x00000000      0x3c2 libcpu/cpuport.o
 .debug_info    0x000003c2      0xac2 libcpu/interrupt.o
 .debug_info    0x00000e84      0x440 src/clock.o
 .debug_info    0x000012c4      0x62a src/components.o
 .debug_info    0x000018ee      0x725 src/idle.o
 .debug_info    0x00002013     0x1260 src/ipc.o
 .debug_info    0x00003273      0x14a src/irq.o
 .debug_info    0x000033bd     0x1790 src/kservice.o
 .debug_info    0x00004b4d      0xdfd src/mem.o
 .debug_info    0x0000594a      0xb35 src/object.o
 .debug_info    0x0000647f      0x80d src/scheduler.o
 .debug_info    0x00006c8c     0x1852 src/thread.o
 .debug_info    0x000084de      0xed9 src/timer.o
 .debug_info    0x000093b7     0x102d device/device.o
 .debug_info    0x0000a3e4      0x38e bsp/board.o
 .debug_info    0x0000a772      0x51b bsp/uart_irq.o
 .debug_info    0x0000ac8d     0x147a finsh/shell.o
 .debug_info    0x0000c107     0x17cb finsh/cmd.o
 .debug_info    0x0000d8d2      0x974 finsh/msh.o
 .debug_info    0x0000e246      0x5bb applications/main.o

.debug_abbrev   0x00000000     0x3d15
 .debug_abbrev  0x00000000      0x1c6 libcpu/cpuport.o
 .debug_abbrev  0x000001c6      0x362 libcpu/interrupt.o
 .debug_abbrev  0x00000528      0x1c9 src/clock.o
 .debug_abbrev  0x000006f1      0x24a src/components.o
 .debug_abbrev  0x0000093b      0x2ff src/idle.o
 .debug_abbrev  0x00000c3a      0x3a9 src/ipc.o
 .debug_abbrev  0x00000fe3      0x106 src/irq.o
 .debug_abbrev  0x000010e9      0x492 src/kservice.o
 .debug_abbrev  0x0000157b      0x37e src/mem.o
 .debug_abbrev  0x000018f9      0x33c src/object.o
 .debug_abbrev  0x00001c35      0x2ea src/scheduler.o
 .debug_abbrev  0x00001f1f      0x3a1 src/thread.o
 .debug_abbrev  0x000022c0      0x427 src/timer.o
 .debug_abbrev  0x000026e7      0x2aa device/device.o
 .debug_abbrev  0x00002991      0x234 bsp/board.o
 .debug_abbrev  0x00002bc5      0x2ba bsp/uart_irq.o
 .debug_abbrev  0x00002e7f      0x4eb finsh/shell.o
 .debug_abbrev  0x0000336a      0x431 finsh/cmd.o
 .debug_abbrev  0x0000379b      0x36c finsh/msh.o
 .debug_abbrev  0x00003b07      0x20e applications/main.o

.debug_loclists
                0x00000000     0x531e
 .debug_loclists
                0x00000000       0x8e libcpu/cpuport.o
 .debug_loclists
                0x0000008e      0x418 libcpu/interrupt.o
 .debug_loclists
                0x000004a6       0xa2 src/clock.o
 .debug_loclists
                0x00000548       0x8f src/components.o
 .debug_loclists
                0x000005d7       0x76 src/idle.o
 .debug_loclists
                0x0000064d      0x49e src/ipc.o
 .debug_loclists
                0x00000aeb       0x22 src/irq.o
 .debug_loclists
                0x00000b0d     0x186d src/kservice.o
 .debug_loclists
                0x0000237a      0x5c0 src/mem.o
 .debug_loclists
                0x0000293a      0x3ef src/object.o
 .debug_loclists
                0x00002d29      0x19d src/scheduler.o
 .debug_loclists
                0x00002ec6      0x7e0 src/thread.o
 .debug_loclists
                0x000036a6      0x4d3 src/timer.o
 .debug_loclists
                0x00003b79      0x6a1 device/device.o
 .debug_loclists
                0x0000421a       0xd7 bsp/board.o
 .debug_loclists
                0x000042f1       0xd3 bsp/uart_irq.o
 .debug_loclists
                0x000043c4      0x22e finsh/shell.o
 .debug_loclists
                0x000045f2      0x7f8 finsh/cmd.o
 .debug_loclists
                0x00004dea      0x4c5 finsh/msh.o
 .debug_loclists
                0x000052af       0x6f applications/main.o

.debug_aranges  0x00000000      0x7c0
 .debug_aranges
                0x00000000       0x30 libcpu/cpuport.o
 .debug_aranges
                0x00000030       0x40 libcpu/interrupt.o
 .debug_aranges
                0x00000070       0x40 src/clock.o
 .debug_aranges
                0x000000b0       0x68 src/components.o
 .debug_aranges
                0x00000118       0x38 src/idle.o
 .debug_aranges
                0x00000150       0x60 src/ipc.o
 .debug_aranges
                0x000001b0       0x30 src/irq.o
 .debug_aranges
                0x000001e0      0x110 src/kservice.o
 .debug_aranges
                0x000002f0       0x58 src/mem.o
 .debug_aranges
                0x00000348       0x60 src/object.o
 .debug_aranges
                0x000003a8       0x58 src/scheduler.o
 .debug_aranges
                0x00000400       0xa0 src/thread.o
 .debug_aranges
                0x000004a0       0x78 src/timer.o
 .debug_aranges
                0x00000518       0x88 device/device.o
 .debug_aranges
                0x000005a0       0x98 bsp/board.o
 .debug_aranges
                0x00000638       0x30 bsp/uart_irq.o
 .debug_aranges
                0x00000668       0x80 finsh/shell.o
 .debug_aranges
                0x000006e8       0x60 finsh/cmd.o
 .debug_aranges
                0x00000748       0x48 finsh/msh.o
 .debug_aranges
                0x00000790       0x30 applications/main.o

.debug_rnglists
                0x00000000      0xa29
 .debug_rnglists
                0x00000000       0x1f libcpu/cpuport.o
 .debug_rnglists
                0x0000001f       0x45 libcpu/interrupt.o
 .debug_rnglists
                0x00000064       0x2b src/clock.o
 .debug_rnglists
                0x0000008f       0x49 src/components.o
 .debug_rnglists
                0x000000d8       0x77 src/idle.o
 .debug_rnglists
                0x0000014f       0x9f src/ipc.o
 .debug_rnglists
                0x000001ee       0x1f src/irq.o
 .debug_rnglists
                0x0000020d      0x112 src/kservice.o
 .debug_rnglists
                0x0000031f       0x62 src/mem.o
 .debug_rnglists
                0x00000381       0x98 src/object.o
 .debug_rnglists
                0x00000419       0x65 src/scheduler.o
 .debug_rnglists
                0x0000047e       0xf4 src/thread.o
 .debug_rnglists
                0x00000572       0x9d src/timer.o
 .debug_rnglists
                0x0000060f       0x67 device/device.o
 .debug_rnglists
                0x00000676       0x6d bsp/board.o
 .debug_rnglists
                0x000006e3       0x3d bsp/uart_irq.o
 .debug_rnglists
                0x00000720       0xb9 finsh/shell.o
 .debug_rnglists
                0x000007d9      0x182 finsh/cmd.o
 .debug_rnglists
                0x0000095b       0x9a finsh/msh.o
 .debug_rnglists
                0x000009f5       0x34 applications/main.o

.debug_line     0x00000000     0xb5d1
 .debug_line    0x00000000      0x230 libcpu/cpuport.o
 .debug_line    0x00000230      0x806 libcpu/interrupt.o
 .debug_line    0x00000a36      0x1e1 src/clock.o
 .debug_line    0x00000c17      0x320 src/components.o
 .debug_line    0x00000f37      0x331 src/idle.o
 .debug_line    0x00001268      0xba2 src/ipc.o
 .debug_line    0x00001e0a      0x161 src/irq.o
 .debug_line    0x00001f6b     0x1e79 src/kservice.o
 .debug_line    0x00003de4      0xdf3 src/mem.o
 .debug_line    0x00004bd7      0x8ff src/object.o
 .debug_line    0x000054d6      0x6e8 src/scheduler.o
 .debug_line    0x00005bbe     0x1294 src/thread.o
 .debug_line    0x00006e52      0xc72 src/timer.o
 .debug_line    0x00007ac4      0xb44 device/device.o
 .debug_line    0x00008608      0x3b1 bsp/board.o
 .debug_line    0x000089b9      0x26d bsp/uart_irq.o
 .debug_line    0x00008c26      0xe7a finsh/shell.o
 .debug_line    0x00009aa0      0xf5f finsh/cmd.o
 .debug_line    0x0000a9ff      0x9a4 finsh/msh.o
 .debug_line    0x0000b3a3      0x22e applications/main.o

.debug_str      0x00000000     0x20d3
 .debug_str     0x00000000     0x20d3 libcpu/cpuport.o
                                0x290 (size before relaxing)
 .debug_str     0x000020d3        0x0 libcpu/interrupt.o
                                0x39d (size before relaxing)
 .debug_str     0x000020d3        0x0 src/clock.o
                                0x368 (size before relaxing)
 .debug_str     0x000020d3        0x0 src/components.o
                                0x49b (size before relaxing)
 .debug_str     0x000020d3        0x0 src/idle.o
                                0x45c (size before relaxing)
 .debug_str     0x000020d3        0x0 src/ipc.o
                                0x6d1 (size before relaxing)
 .debug_str     0x000020d3        0x0 src/irq.o
                                0x1ca (size before relaxing)
 .debug_str     0x000020d3        0x0 src/kservice.o
                                0x8ce (size before relaxing)
 .debug_str     0x000020d3        0x0 src/mem.o
                                0x445 (size before relaxing)
 .debug_str     0x000020d3        0x0 src/object.o
                                0x5a3 (size before relaxing)
 .debug_str     0x000020d3        0x0 src/scheduler.o
                                0x511 (size before relaxing)
 .debug_str     0x000020d3        0x0 src/thread.o
                                0x80a (size before relaxing)
 .debug_str     0x000020d3        0x0 src/timer.o
                                0x5e7 (size before relaxing)
 .debug_str     0x000020d3        0x0 device/device.o
                                0x78f (size before relaxing)
 .debug_str     0x000020d3        0x0 bsp/board.o
                                0x328 (size before relaxing)
 .debug_str     0x000020d3        0x0 bsp/uart_irq.o
                                0x2e0 (size before relaxing)
 .debug_str     0x000020d3        0x0 finsh/shell.o
                                0x9cb (size before relaxing)
 .debug_str     0x000020d3        0x0 finsh/cmd.o
                                0xbf9 (size before relaxing)
 .debug_str     0x000020d3        0x0 finsh/msh.o
                                0x3df (size before relaxing)
 .debug_str     0x000020d3        0x0 applications/main.o
                                0x379 (size before relaxing)

.debug_line_str
                0x00000000      0x3eb
 .debug_line_str
                0x00000000      0x3eb libcpu/cpuport.o
                                 0x56 (size before relaxing)
 .debug_line_str
                0x000003eb        0x0 libcpu/interrupt.o
                                 0x5f (size before relaxing)
 .debug_line_str
                0x000003eb        0x0 src/clock.o
                                 0x4c (size before relaxing)
 .debug_line_str
                0x000003eb        0x0 src/components.o
                                 0x56 (size before relaxing)
 .debug_line_str
                0x000003eb        0x0 src/idle.o
                                 0x56 (size before relaxing)
 .debug_line_str
                0x000003eb        0x0 src/ipc.o
                                 0x54 (size before relaxing)
 .debug_line_str
                0x000003eb        0x0 src/irq.o
                                 0x3d (size before relaxing)
 .debug_line_str
                0x000003eb        0x0 src/kservice.o
                                 0x4b (size before relaxing)
 .debug_line_str
                0x000003eb        0x0 src/mem.o
                                 0x5a (size before relaxing)
 .debug_line_str
                0x000003eb        0x0 src/object.o
                                 0x5a (size before relaxing)
 .debug_line_str
                0x000003eb        0x0 src/scheduler.o
                                 0x60 (size before relaxing)
 .debug_line_str
                0x000003eb        0x0 src/thread.o
                                 0x5a (size before relaxing)
 .debug_line_str
                0x000003eb        0x0 src/timer.o
                                 0x58 (size before relaxing)
 .debug_line_str
                0x000003eb        0x0 device/device.o
                                 0x4d (size before relaxing)
 .debug_line_str
                0x000003eb        0x0 bsp/board.o
                                 0x5f (size before relaxing)
 .debug_line_str
                0x000003eb        0x0 bsp/uart_irq.o
                                 0x5d (size before relaxing)
 .debug_line_str
                0x000003eb        0x0 finsh/shell.o
                                0x29f (size before relaxing)
 .debug_line_str
                0x000003eb        0x0 finsh/cmd.o
                                0x17b (size before relaxing)
 .debug_line_str
                0x000003eb        0x0 finsh/msh.o
                                0x168 (size before relaxing)
 .debug_line_str
                0x000003eb        0x0 applications/main.o
                                 0x67 (size before relaxing)

.debug_frame    0x00000000     0x194c
 .debug_frame   0x00000000       0x4c libcpu/cpuport.o
 .debug_frame   0x0000004c       0x84 libcpu/interrupt.o
 .debug_frame   0x000000d0       0x7c src/clock.o
 .debug_frame   0x0000014c      0x108 src/components.o
 .debug_frame   0x00000254       0xa4 src/idle.o
 .debug_frame   0x000002f8      0x174 src/ipc.o
 .debug_frame   0x0000046c       0x58 src/irq.o
 .debug_frame   0x000004c4      0x354 src/kservice.o
 .debug_frame   0x00000818      0x184 src/mem.o
 .debug_frame   0x0000099c      0x144 src/object.o
 .debug_frame   0x00000ae0       0xf8 src/scheduler.o
 .debug_frame   0x00000bd8      0x2ac src/thread.o
 .debug_frame   0x00000e84      0x1a0 src/timer.o
 .debug_frame   0x00001024      0x22c device/device.o
 .debug_frame   0x00001250      0x130 bsp/board.o
 .debug_frame   0x00001380       0x58 bsp/uart_irq.o
 .debug_frame   0x000013d8      0x1dc finsh/shell.o
 .debug_frame   0x000015b4      0x200 finsh/cmd.o
 .debug_frame   0x000017b4      0x118 finsh/msh.o
 .debug_frame   0x000018cc       0x80 applications/main.o
