Archive member included to satisfy reference by file (symbol)

D:/RISCV-none-elf-gcc/xpack-riscv-none-elf-gcc-15.2.0-1-win32-x64/xpack-riscv-none-elf-gcc-15.2.0-1/bin/../lib/gcc/riscv-none-elf/15.2.0/../../../../riscv-none-elf/lib\libc.a(libc_a-strcat.o)
                              finsh/shell.o (strcat)
D:/RISCV-none-elf-gcc/xpack-riscv-none-elf-gcc-15.2.0-1-win32-x64/xpack-riscv-none-elf-gcc-15.2.0-1/bin/../lib/gcc/riscv-none-elf/15.2.0/../../../../riscv-none-elf/lib\libc.a(libc_a-strncmp.o)
                              finsh/cmd.o (strncmp)
D:/RISCV-none-elf-gcc/xpack-riscv-none-elf-gcc-15.2.0-1-win32-x64/xpack-riscv-none-elf-gcc-15.2.0-1/bin/../lib/gcc/riscv-none-elf/15.2.0/../../../../riscv-none-elf/lib\libc.a(libc_a-strncpy.o)
                              finsh/shell.o (strncpy)
D:/RISCV-none-elf-gcc/xpack-riscv-none-elf-gcc-15.2.0-1-win32-x64/xpack-riscv-none-elf-gcc-15.2.0-1/bin/../lib/gcc/riscv-none-elf/15.2.0/../../../../riscv-none-elf/lib\libc.a(libc_a-memset.o)
                              finsh/shell.o (memset)
D:/RISCV-none-elf-gcc/xpack-riscv-none-elf-gcc-15.2.0-1-win32-x64/xpack-riscv-none-elf-gcc-15.2.0-1/bin/../lib/gcc/riscv-none-elf/15.2.0/../../../../riscv-none-elf/lib\libc.a(libc_a-memcpy.o)
                              finsh/cmd.o (memcpy)
D:/RISCV-none-elf-gcc/xpack-riscv-none-elf-gcc-15.2.0-1-win32-x64/xpack-riscv-none-elf-gcc-15.2.0-1/bin/../lib/gcc/riscv-none-elf/15.2.0/../../../../riscv-none-elf/lib\libc.a(libc_a-strlen.o)
                              finsh/shell.o (strlen)
D:/RISCV-none-elf-gcc/xpack-riscv-none-elf-gcc-15.2.0-1-win32-x64/xpack-riscv-none-elf-gcc-15.2.0-1/bin/../lib/gcc/riscv-none-elf/15.2.0/../../../../riscv-none-elf/lib\libc.a(libc_a-strcpy.o)
                              finsh/shell.o (strcpy)

Discarded input sections

 .text          0x00000000        0x0 start.o
 .data          0x00000000        0x0 start.o
 .bss           0x00000000        0x0 start.o
 .data          0x00000000        0x0 libcpu/context_gcc.o
 .bss           0x00000000        0x0 libcpu/context_gcc.o
 .text          0x00000000        0x0 libcpu/trap_entry.o
 .data          0x00000000        0x0 libcpu/trap_entry.o
 .bss           0x00000000        0x0 libcpu/trap_entry.o
 .text          0x00000000        0x0 libcpu/cpuport.o
 .data          0x00000000        0x0 libcpu/cpuport.o
 .bss           0x00000000        0x0 libcpu/cpuport.o
 .text          0x00000000        0x0 libcpu/interrupt.o
 .data          0x00000000        0x0 libcpu/interrupt.o
 .bss           0x00000000        0x0 libcpu/interrupt.o
 .text.rt_hw_interrupt_mask
                0x00000000       0x24 libcpu/interrupt.o
 .text          0x00000000        0x0 src/clock.o
 .data          0x00000000        0x0 src/clock.o
 .bss           0x00000000        0x0 src/clock.o
 .text.rt_system_tick_init
                0x00000000        0x2 src/clock.o
 .text.rt_tick_set
                0x00000000       0x26 src/clock.o
 .text          0x00000000        0x0 src/components.o
 .data          0x00000000        0x0 src/components.o
 .bss           0x00000000        0x0 src/components.o
 .text.rt_components_board_init
                0x00000000       0x2e src/components.o
 .text.entry    0x00000000        0x8 src/components.o
 .text          0x00000000        0x0 src/cpu.o
 .data          0x00000000        0x0 src/cpu.o
 .bss           0x00000000        0x0 src/cpu.o
 .debug_info    0x00000000       0x71 src/cpu.o
 .debug_abbrev  0x00000000       0x2c src/cpu.o
 .debug_aranges
                0x00000000       0x18 src/cpu.o
 .debug_line    0x00000000       0x44 src/cpu.o
 .debug_str     0x00000000      0x132 src/cpu.o
 .debug_line_str
                0x00000000       0x26 src/cpu.o
 .comment       0x00000000       0x34 src/cpu.o
 .note.GNU-stack
                0x00000000        0x0 src/cpu.o
 .riscv.attributes
                0x00000000       0x57 src/cpu.o
 .text          0x00000000        0x0 src/idle.o
 .data          0x00000000        0x0 src/idle.o
 .bss           0x00000000        0x0 src/idle.o
 .text.rt_thread_idle_gethandler
                0x00000000        0xa src/idle.o
 .text          0x00000000        0x0 src/ipc.o
 .data          0x00000000        0x0 src/ipc.o
 .bss           0x00000000        0x0 src/ipc.o
 .text.rt_ipc_list_resume_all.isra.0
                0x00000000       0x44 src/ipc.o
 .text.rt_sem_detach
                0x00000000       0x9a src/ipc.o
 .text.rt_sem_create
                0x00000000       0xb2 src/ipc.o
 .rodata.rt_sem_delete.str1.4
                0x00000000       0x3b src/ipc.o
 .text.rt_sem_delete
                0x00000000       0xf0 src/ipc.o
 .text.rt_sem_trytake
                0x00000000        0xa src/ipc.o
 .text.rt_sem_control
                0x00000000       0x9c src/ipc.o
 .rodata.__FUNCTION__.0
                0x00000000        0xf src/ipc.o
 .rodata.__FUNCTION__.3
                0x00000000        0xe src/ipc.o
 .rodata.__FUNCTION__.4
[...]
Memory Configuration

Name             Origin             Length             Attributes
RAM              0x80000000         0x00010000         xrw
*default*        0x00000000         0xffffffff

Linker script and memory map

LOAD start.o
LOAD libcpu/context_gcc.o
LOAD libcpu/trap_entry.o
LOAD libcpu/cpuport.o
LOAD libcpu/interrupt.o
LOAD src/clock.o
LOAD src/components.o
LOAD src/cpu.o
LOAD src/idle.o
LOAD src/ipc.o
LOAD src/irq.o
LOAD src/kservice.o
LOAD src/mem.o
LOAD src/memheap.o
LOAD src/mempool.o
LOAD src/object.o
LOAD src/scheduler.o
LOAD src/slab.o
LOAD src/thread.o
LOAD src/timer.o
LOAD device/device.o
LOAD bsp/board.o
LOAD bsp/uart_irq.o
LOAD finsh/shell.o
LOAD finsh/cmd.o
LOAD finsh/finsh_port.o
LOAD finsh/msh.o
LOAD applications/main.o
LOAD coremark/core_main.o
LOAD coremark/core_list_join.o
LOAD coremark/core_matrix.o
LOAD coremark/core_state.o
LOAD coremark/core_util.o
LOAD coremark/core_portme.o
LOAD coremark/ee_printf.o
LOAD D:/RISCV-none-elf-gcc/xpack-riscv-none-elf-gcc-15.2.0-1-win32-x64/xpack-riscv-none-elf-gcc-15.2.0-1/bin/../lib/gcc/riscv-none-elf/15.2.0\libgcc.a
START GROUP
LOAD D:/RISCV-none-elf-gcc/xpack-riscv-none-elf-gcc-15.2.0-1-win32-x64/xpack-riscv-none-elf-gcc-15.2.0-1/bin/../lib/gcc/riscv-none-elf/15.2.0/../../../../riscv-none-elf/lib\libc.a
LOAD D:/RISCV-none-elf-gcc/xpack-riscv-none-elf-gcc-15.2.0-1-win32-x64/xpack-riscv-none-elf-gcc-15.2.0-1/bin/../lib/gcc/riscv-none-elf/15.2.0/../../../../riscv-none-elf/lib\libgloss.a
END GROUP
LOAD D:/RISCV-none-elf-gcc/xpack-riscv-none-elf-gcc-15.2.0-1-win32-x64/xpack-riscv-none-elf-gcc-15.2.0-1/bin/../lib/gcc/riscv-none-elf/15.2.0\libgcc.a
                0x00002000                        _stack_size = 0x2000
                0x00004000                        _heap_size = 0x4000
                0x80000000                        . = ORIGIN (RAM)

.text           0x80000000     0x61cc
 *(.text.init)
 .text.init     0x80000000       0x34 start.o
                0x80000000                _start
 *(.text.trap)
 *fill*         0x80000034        0x0 
 .text.trap     0x80000034       0xcc libcpu/trap_entry.o
                0x80000034                trap_entry
 *(.text .text.*)
 .text          0x80000100      0x11e libcpu/context_gcc.o
                0x80000100                rt_hw_interrupt_disable
                0x80000106                rt_hw_interrupt_enable
                0x8000010c                rt_hw_context_switch_to
                0x80000118                rt_hw_context_switch
                0x8000016e                rt_hw_context_switch_exit
                0x800001c4                rt_hw_interrupt_exit
 .text.rt_hw_stack_init
                0x8000021e       0x34 libcpu/cpuport.o
                0x8000021e                rt_hw_stack_init
 .text.rt_hw_context_switch_interrupt
                0x80000252       0x16 libcpu/cpuport.o
                0x80000252                rt_hw_context_switch_interrupt
 .text.rt_hw_cpu_shutdown
                0x80000268       0x44 libcpu/cpuport.o
                0x80000268                rt_hw_cpu_shutdown
 .text.rt_hw_interrupt_init
                0x800002ac       0xa8 libcpu/interrupt.o
                0x800002ac                rt_hw_interrupt_init
 .text.rt_hw_interrupt_umask
                0x80000354       0x2c libcpu/interrupt.o
                0x80000354                rt_hw_interrupt_umask
 .text.rt_hw_interrupt_install
                0x80000380       0x1e libcpu/interrupt.o
                0x80000380                rt_hw_interrupt_install
 .text.rt_hw_trap_handler
                0x8000039e      0x160 libcpu/interrupt.o
                0x8000039e                rt_hw_trap_handler
 .text.rt_tick_get
                0x800004fe        0x6 src/clock.o
                0x800004fe                rt_tick_get
 .text.rt_tick_increase
                0x80000504       0x2a src/clock.o
                0x80000504                rt_tick_increase
 .text.rt_tick_from_millisecond
                0x8000052e       0x2c src/clock.o
                0x8000052e                rt_tick_from_millisecond
 .text.rti_start
                0x8000055a        0x4 src/components.o
 .text.rti_board_start
                0x8000055e        0x4 src/components.o
 .text.rti_board_end
                0x80000562        0x4 src/components.o
 .text.rti_end  0x80000566        0x4 src/components.o
 .text.rt_components_init
                0x8000056a       0x2e src/components.o
                0x8000056a                rt_components_init
 .text.main_thread_entry
                0x80000598        0xe src/components.o
                0x80000598                main_thread_entry
 .text.rt_application_init
                0x800005a6       0x4e src/components.o
                0x800005a6                rt_application_init
 .text.rtthread_startup
                0x800005f4       0x2a src/components.o
                0x800005f4                rtthread_startup
 .text.rt_thread_idle_excute
                0x8000061e       0xca src/idle.o
                0x8000061e                rt_thread_idle_excute
 .text.rt_thread_idle_entry
                0x800006e8        0x8 src/idle.o
 .text.rt_thread_idle_init
                0x800006f0       0x3c src/idle.o
                0x800006f0                rt_thread_idle_init
 .text.rt_sem_init
                0x8000072c       0x76 src/ipc.o
                0x8000072c                rt_sem_init
 .text.rt_sem_take
                0x800007a2      0x176 src/ipc.o
                0x800007a2                rt_sem_take
 .text.rt_sem_release
                0x80000918       0x86 src/ipc.o
                0x80000918                rt_sem_release
 .text.rt_interrupt_enter
                0x8000099e       0x1a src/irq.o
                0x8000099e                rt_interrupt_enter
 .text.rt_interrupt_leave
                0x800009b8       0x1a src/irq.o
                0x800009b8                rt_interrupt_leave
 .text.rt_interrupt_get_nest
                0x800009d2        0x6 src/irq.o
                0x800009d2                rt_interrupt_get_nest
 .text.print_number
                0x800009d8      0x196 src/kservice.o
 .text.rt_set_errno
                0x80000b6e       0x22 src/kservice.o
                0x80000b6e                rt_set_errno
 .text.rt_memset
                0x80000b90       0x74 src/kservice.o
                0x80000b90                rt_memset
 .text.rt_memmove
                0x80000c04       0x4a src/kservice.o
                0x80000c04                rt_memmove
 .text.rt_strncpy
                0x80000c4e       0x28 src/kservice.o
                0x80000c4e                rt_strncpy
 .text.rt_strncmp
                0x80000c76       0x2c src/kservice.o
                0x80000c76                rt_strncmp
 .text.rt_strlen
                0x80000ca2       0x12 src/kservice.o
                0x80000ca2                rt_strlen
 .text.rt_vsnprintf
                0x80000cb4      0x3ba src/kservice.o
                0x80000cb4                rt_vsnprintf
 .text.rt_console_get_device
                0x8000106e        0x6 src/kservice.o
                0x8000106e                rt_console_get_device
 .text.rt_kprintf
                0x80001074       0x6e src/kservice.o
                0x80001074                rt_kprintf
 .text.rt_show_version
                0x800010e2       0x3e src/kservice.o
                0x800010e2                rt_show_version
 .text.__rt_ffs
                0x80001120       0x5a src/kservice.o
                0x80001120                __rt_ffs
 .text.rt_assert_handler
                0x8000117a       0x30 src/kservice.o
                0x8000117a                rt_assert_handler
 .text.list_mem
                0x800011aa       0x32 src/mem.o
                0x800011aa                list_mem
 .text.plug_holes
                0x800011dc       0xc6 src/mem.o
 .text.rt_system_heap_init
                0x800012a2       0xda src/mem.o
                0x800012a2                rt_system_heap_init
 .text.rt_malloc
                0x8000137c      0x1a8 src/mem.o
                0x8000137c                rt_malloc
 .text.rt_calloc
                0x80001524       0x26 src/mem.o
                0x80001524                rt_calloc
 .text.rt_free  0x8000154a      0x17c src/mem.o
                0x8000154a                rt_free
 .text.rt_object_get_information
                0x800016c6       0x28 src/object.o
                0x800016c6                rt_object_get_information
 .text.rt_object_init
                0x800016ee       0xb6 src/object.o
                0x800016ee                rt_object_init
 .text.rt_object_detach
                0x800017a4       0x44 src/object.o
                0x800017a4                rt_object_detach
 .text.rt_object_allocate
                0x800017e8       0xb6 src/object.o
                0x800017e8                rt_object_allocate
 .text.rt_object_delete
                0x8000189e       0x68 src/object.o
                0x8000189e                rt_object_delete
 .text.rt_object_is_systemobject
                0x80001906       0x30 src/object.o
                0x80001906                rt_object_is_systemobject
 .text.rt_object_get_type
                0x80001936       0x32 src/object.o
                0x80001936                rt_object_get_type
 .text.rt_object_find
                0x80001968       0xa8 src/object.o
                0x80001968                rt_object_find
 .text.rt_system_scheduler_init
                0x80001a10       0x2e src/scheduler.o
                0x80001a10                rt_system_scheduler_init
 .text.rt_system_scheduler_start
                0x80001a3e       0x2a src/scheduler.o
                0x80001a3e                rt_system_scheduler_start
 .text.rt_schedule
                0x80001a68       0x5e src/scheduler.o
                0x80001a68                rt_schedule
 .text.rt_schedule_insert_thread
                0x80001ac6       0x64 src/scheduler.o
                0x80001ac6                rt_schedule_insert_thread
 .text.rt_schedule_remove_thread
                0x80001b2a       0x62 src/scheduler.o
                0x80001b2a                rt_schedule_remove_thread
 .text.rt_enter_critical
                0x80001b8c       0x1a src/scheduler.o
                0x80001b8c                rt_enter_critical
 .text.rt_exit_critical
                0x80001ba6       0x3c src/scheduler.o
                0x80001ba6                rt_exit_critical
 .text.rt_thread_exit
                0x80001be2       0x5a src/thread.o
                0x80001be2                rt_thread_exit
 .text.rt_thread_timeout
                0x80001c3c       0x8a src/thread.o
                0x80001c3c                rt_thread_timeout
 .text._rt_thread_init.isra.0
                0x80001cc6       0xa8 src/thread.o
 .text.rt_thread_init
                0x80001d6e       0x8a src/thread.o
                0x80001d6e                rt_thread_init
 .text.rt_thread_self
                0x80001df8        0x6 src/thread.o
                0x80001df8                rt_thread_self
 .text.rt_thread_create
                0x80001dfe       0x58 src/thread.o
                0x80001dfe                rt_thread_create
 .text.rt_thread_yield
                0x80001e56       0x5c src/thread.o
                0x80001e56                rt_thread_yield
 .text.rt_thread_suspend
                0x80001eb2       0x88 src/thread.o
                0x80001eb2                rt_thread_suspend
 .text.rt_thread_sleep
                0x80001f3a       0x8c src/thread.o
                0x80001f3a                rt_thread_sleep
 .text.rt_thread_mdelay
                0x80001fc6        0xe src/thread.o
                0x80001fc6                rt_thread_mdelay
 .text.rt_thread_resume
                0x80001fd4       0x8a src/thread.o
                0x80001fd4                rt_thread_resume
 .text.rt_thread_startup
                0x8000205e       0x94 src/thread.o
                0x8000205e                rt_thread_startup
 .text._rt_timer_remove
                0x800020f2       0x12 src/timer.o
 .text.rt_timer_init
                0x80002104       0x72 src/timer.o
                0x80002104                rt_timer_init
 .text.rt_timer_detach
                0x80002176       0x8a src/timer.o
                0x80002176                rt_timer_detach
 .text.rt_timer_start
                0x80002200       0xea src/timer.o
                0x80002200                rt_timer_start
 .text.rt_timer_stop
                0x800022ea       0x7a src/timer.o
                0x800022ea                rt_timer_stop
 .text.rt_timer_control
                0x80002364       0x9a src/timer.o
                0x80002364                rt_timer_control
 .text.rt_timer_check
                0x800023fe       0x84 src/timer.o
                0x800023fe                rt_timer_check
 .text.rt_system_timer_init
                0x80002482        0xa src/timer.o
                0x80002482                rt_system_timer_init
 .text.rt_system_timer_thread_init
                0x8000248c        0x2 src/timer.o
                0x8000248c                rt_system_timer_thread_init
 .text.rt_device_find
                0x8000248e        0x6 device/device.o
                0x8000248e                rt_device_find
 .text.rt_device_open
                0x80002494       0xf8 device/device.o
                0x80002494                rt_device_open
 .text.rt_device_close
                0x8000258c       0x7c device/device.o
                0x8000258c                rt_device_close
 .text.rt_device_read
                0x80002608       0x8a device/device.o
                0x80002608                rt_device_read
 .text.rt_device_write
                0x80002692       0x8a device/device.o
                0x80002692                rt_device_write
 .text.rt_device_set_rx_indicate
                0x8000271c       0x58 device/device.o
                0x8000271c                rt_device_set_rx_indicate
 .text.rt_hw_uart_init
                0x80002774        0x2 bsp/board.o
                0x80002774                rt_hw_uart_init
 .text.rt_hw_board_init
                0x80002776       0x54 bsp/board.o
                0x80002776                rt_hw_board_init
 .text.rt_hw_console_output
                0x800027ca       0x3c bsp/board.o
                0x800027ca                rt_hw_console_output
 .text.uart_isr
                0x80002806       0x46 bsp/uart_irq.o
 .text.uart_irq_init
                0x8000284c       0x5e bsp/uart_irq.o
                0x8000284c                uart_irq_init
 .text.rt_hw_console_getchar
                0x800028aa       0x2e bsp/uart_irq.o
                0x800028aa                rt_hw_console_getchar
 .text.finsh_rx_ind
                0x800028d8       0x36 finsh/shell.o
 .text.finsh_get_prompt
                0x8000290e       0x6a finsh/shell.o
                0x8000290e                finsh_get_prompt
 .text.finsh_set_prompt_mode
                0x80002978       0x48 finsh/shell.o
                0x80002978                finsh_set_prompt_mode
 .text.finsh_system_init
                0x800029c0       0xa8 finsh/shell.o
                0x800029c0                finsh_system_init
 .text.finsh_set_device
                0x80002a68       0xbc finsh/shell.o
                0x80002a68                finsh_set_device
 .text.finsh_thread_entry
                0x80002b24      0x38e finsh/shell.o
                0x80002b24                finsh_thread_entry
 .text.hello    0x80002eb2       0x18 finsh/cmd.o
                0x80002eb2                hello
 .text.version  0x80002eca       0x10 finsh/cmd.o
                0x80002eca                version
 .text.list_get_next
                0x80002eda       0x84 finsh/cmd.o
 .text.list     0x80002f5e       0x5e finsh/cmd.o
                0x80002f5e                list
 .text.object_split.constprop.0
                0x80002fbc       0x28 finsh/cmd.o
 .text.list_timer
                0x80002fe4      0x102 finsh/cmd.o
                0x80002fe4                list_timer
 .text.list_thread
                0x800030e6      0x176 finsh/cmd.o
                0x800030e6                list_thread
 .text.list_device
                0x8000325c       0xf4 finsh/cmd.o
                0x8000325c                list_device
 .text.list_sem
                0x80003350      0x144 finsh/cmd.o
                0x80003350                list_sem
 .text.msh_help
                0x80003494       0x6c finsh/msh.o
                0x80003494                msh_help
 .text.cmd_ps   0x80003500       0x10 finsh/msh.o
                0x80003500                cmd_ps
 .text.cmd_free
                0x80003510       0x10 finsh/msh.o
                0x80003510                cmd_free
 .text.msh_is_used
                0x80003520        0x4 finsh/msh.o
                0x80003520                msh_is_used
 .text.msh_exec
                0x80003524      0x1cc finsh/msh.o
                0x80003524                msh_exec
 .text.msh_auto_complete
                0x800036f0       0xde finsh/msh.o
                0x800036f0                msh_auto_complete
 .text.rtthread1_entry
                0x800037ce       0x82 applications/main.o
                0x800037ce                rtthread1_entry
 .text.rtthread2_entry
                0x80003850        0x6 applications/main.o
                0x80003850                rtthread2_entry
 .text.simple_add
                0x80003856       0x32 applications/main.o
                0x80003856                simple_add
 .text.core_mark
                0x80003888       0x3c applications/main.o
                0x80003888                core_mark
 .text.startup.main
                0x800038c4       0x56 applications/main.o
                0x800038c4                main
 .text.iterate  0x8000391a       0x60 coremark/core_main.o
                0x8000391a                iterate
 .text.coremark_main
                0x8000397a      0x5a8 coremark/core_main.o
                0x8000397a                coremark_main
 .text.cmp_idx  0x80003f22       0x46 coremark/core_list_join.o
                0x80003f22                cmp_idx
 .text.calc_func
                0x80003f68       0xe0 coremark/core_list_join.o
                0x80003f68                calc_func
 .text.cmp_complex
                0x80004048       0x2a coremark/core_list_join.o
                0x80004048                cmp_complex
 .text.core_list_mergesort
                0x80004072      0x108 coremark/core_list_join.o
                0x80004072                core_list_mergesort
 .text.core_bench_list
                0x8000417a      0x210 coremark/core_list_join.o
                0x8000417a                core_bench_list
 .text.core_list_init
                0x8000438a      0x11a coremark/core_list_join.o
                0x8000438a                core_list_init
 .text.core_init_matrix
                0x800044a4       0xc0 coremark/core_matrix.o
                0x800044a4                core_init_matrix
 .text.matrix_mul_vect
                0x80004564       0x3e coremark/core_matrix.o
                0x80004564                matrix_mul_vect
 .text.matrix_mul_matrix
                0x800045a2       0x66 coremark/core_matrix.o
                0x800045a2                matrix_mul_matrix
 .text.matrix_mul_matrix_bitextract
                0x80004608       0x76 coremark/core_matrix.o
                0x80004608                matrix_mul_matrix_bitextract
 .text.matrix_test
                0x8000467e      0x294 coremark/core_matrix.o
                0x8000467e                matrix_test
 .text.core_bench_matrix
                0x80004912       0x22 coremark/core_matrix.o
                0x80004912                core_bench_matrix
 .text.core_init_state
                0x80004934      0x10c coremark/core_state.o
                0x80004934                core_init_state
 .text.core_state_transition
                0x80004a40      0x200 coremark/core_state.o
                0x80004a40                core_state_transition
 .text.core_bench_state
                0x80004c40      0x114 coremark/core_state.o
                0x80004c40                core_bench_state
 .text.get_seed_32
                0x80004d54       0x38 coremark/core_util.o
                0x80004d54                get_seed_32
 .text.crcu16   0x80004d8c      0x1a0 coremark/core_util.o
                0x80004d8c                crcu16
 .text.crcu32   0x80004f2c      0x35e coremark/core_util.o
                0x80004f2c                crcu32
 .text.crc16    0x8000528a      0x1a4 coremark/core_util.o
                0x8000528a                crc16
 .text.check_data_types
                0x8000542e        0x4 coremark/core_util.o
                0x8000542e                check_data_types
 .text.start_time
                0x80005432       0x1a coremark/core_portme.o
                0x80005432                start_time
 .text.stop_time
                0x8000544c       0x1a coremark/core_portme.o
                0x8000544c                stop_time
 .text.get_time
                0x80005466       0x1e coremark/core_portme.o
                0x80005466                get_time
 .text.time_in_secs
                0x80005484       0x10 coremark/core_portme.o
                0x80005484                time_in_secs
 .text.portable_init
                0x80005494        0x8 coremark/core_portme.o
                0x80005494                portable_init
 .text.portable_fini
                0x8000549c        0x6 coremark/core_portme.o
                0x8000549c                portable_fini
 .text.number   0x800054a2      0x256 coremark/ee_printf.o
 .text.ee_printf
                0x800056f8      0x6fc coremark/ee_printf.o
                0x800056f8                ee_printf
 .text.strcat   0x80005df4       0x68 D:/RISCV-none-elf-gcc/xpack-riscv-none-elf-gcc-15.2.0-1-win32-x64/xpack-riscv-none-elf-gcc-15.2.0-1/bin/../lib/gcc/riscv-none-elf/15.2.0/../../../../riscv-none-elf/lib\libc.a(libc_a-strcat.o)
                0x80005df4                strcat
 .text.strncmp  0x80005e5c       0x7a D:/RISCV-none-elf-gcc/xpack-riscv-none-elf-gcc-15.2.0-1-win32-x64/xpack-riscv-none-elf-gcc-15.2.0-1/bin/../lib/gcc/riscv-none-elf/15.2.0/../../../../riscv-none-elf/lib\libc.a(libc_a-strncmp.o)
                0x80005e5c                strncmp
 .text.strncpy  0x80005ed6       0x78 D:/RISCV-none-elf-gcc/xpack-riscv-none-elf-gcc-15.2.0-1-win32-x64/xpack-riscv-none-elf-gcc-15.2.0-1/bin/../lib/gcc/riscv-none-elf/15.2.0/../../../../riscv-none-elf/lib\libc.a(libc_a-strncpy.o)
                0x80005ed6                strncpy
 .text          0x80005f4e       0xa8 D:/RISCV-none-elf-gcc/xpack-riscv-none-elf-gcc-15.2.0-1-win32-x64/xpack-riscv-none-elf-gcc-15.2.0-1/bin/../lib/gcc/riscv-none-elf/15.2.0/../../../../riscv-none-elf/lib\libc.a(libc_a-memset.o)
                0x80005f4e                memset
 .text.memcpy   0x80005ff6       0xe8 D:/RISCV-none-elf-gcc/xpack-riscv-none-elf-gcc-15.2.0-1-win32-x64/xpack-riscv-none-elf-gcc-15.2.0-1/bin/../lib/gcc/riscv-none-elf/15.2.0/../../../../riscv-none-elf/lib\libc.a(libc_a-memcpy.o)
                0x80005ff6                memcpy
 .text.strlen   0x800060de       0x64 D:/RISCV-none-elf-gcc/xpack-riscv-none-elf-gcc-15.2.0-1-win32-x64/xpack-riscv-none-elf-gcc-15.2.0-1/bin/../lib/gcc/riscv-none-elf/15.2.0/../../../../riscv-none-elf/lib\libc.a(libc_a-strlen.o)
                0x800060de                strlen
 .text.strcpy   0x80006142       0x76 D:/RISCV-none-elf-gcc/xpack-riscv-none-elf-gcc-15.2.0-1-win32-x64/xpack-riscv-none-elf-gcc-15.2.0-1/bin/../lib/gcc/riscv-none-elf/15.2.0/../../../../riscv-none-elf/lib\libc.a(libc_a-strcpy.o)
                0x80006142                strcpy
                0x800061b8                        . = ALIGN (0x4)
 *fill*         0x800061b8        0x0 
                0x800061b8                        __rt_init_start = .
 *(SORT_BY_NAME(.rti_fn*))
 .rti_fn.0      0x800061b8        0x4 src/components.o
                0x800061b8                __rt_init_rti_start
 .rti_fn.0.end  0x800061bc        0x4 src/components.o
                0x800061bc                __rt_init_rti_board_start
 .rti_fn.1.end  0x800061c0        0x4 src/components.o
                0x800061c0                __rt_init_rti_board_end
 .rti_fn.6      0x800061c4        0x4 finsh/shell.o
                0x800061c4                __rt_init_finsh_system_init
 .rti_fn.6.end  0x800061c8        0x4 src/components.o
                0x800061c8                __rt_init_rti_end
                0x800061cc                        __rt_init_end = .

.rodata         0x800061cc     0x207c
 *(.rodata .rodata.*)
 .rodata.rt_hw_cpu_shutdown.str1.4
                0x800061cc     0x1373 libcpu/cpuport.o
                                  0xe (size before relaxing)
 *fill*         0x8000753f        0x1 
 .rodata.__FUNCTION__.0
                0x80007540       0x13 libcpu/cpuport.o
 .rodata.rt_hw_trap_handler.str1.4
                0x80007553        0x0 libcpu/interrupt.o
                                0x10f (size before relaxing)
 .rodata.rt_application_init.str1.4
                0x80007553        0x0 src/components.o
                                 0x17 (size before relaxing)
 *fill*         0x80007553        0x1 
 .rodata.__FUNCTION__.0
                0x80007554       0x14 src/components.o
 .rodata.rt_thread_idle_excute.str1.4
                0x80007568        0x0 src/idle.o
                                 0x2a (size before relaxing)
 .rodata.rt_thread_idle_init.str1.4
                0x80007568        0x0 src/idle.o
                                  0x6 (size before relaxing)
 .rodata.__FUNCTION__.0
                0x80007568       0x16 src/idle.o
 .rodata.rt_sem_init.str1.4
                0x8000757e        0x0 src/ipc.o
                                 0x21 (size before relaxing)
 .rodata.rt_sem_detach.str1.4
                0x8000757e        0x0 src/ipc.o
                                 0x77 (size before relaxing)
 .rodata.rt_sem_create.str1.4
                0x8000757e        0x0 src/ipc.o
                                 0x2a (size before relaxing)
 .rodata.rt_sem_take.str1.4
                0x8000757e        0x0 src/ipc.o
                                 0x37 (size before relaxing)
 *fill*         0x8000757e        0x2 
 .rodata.__FUNCTION__.1
                0x80007580        0xf src/ipc.o
 *fill*         0x8000758f        0x1 
 .rodata.__FUNCTION__.2
                0x80007590        0xc src/ipc.o
 .rodata.__FUNCTION__.6
                0x8000759c        0xc src/ipc.o
 .rodata.rt_vsnprintf.str1.4
                0x800075a8        0x0 src/kservice.o
                                  0x7 (size before relaxing)
 .rodata.rt_vsnprintf
                0x800075a8       0x58 src/kservice.o
 .rodata.rt_show_version.str1.4
                0x80007600        0x0 src/kservice.o
                                 0x86 (size before relaxing)
 .rodata.rt_assert_handler.str1.4
                0x80007600        0x0 src/kservice.o
                                 0x37 (size before relaxing)
 .rodata.small_digits.1
                0x80007600       0x11 src/kservice.o
 *fill*         0x80007611        0x3 
 .rodata.large_digits.2
                0x80007614       0x11 src/kservice.o
 *fill*         0x80007625        0x3 
 .rodata.__lowest_bit_bitmap
                0x80007628      0x100 src/kservice.o
                0x80007628                __lowest_bit_bitmap
 .rodata.list_mem.str1.4
                0x80007728        0x0 src/mem.o
                                 0x46 (size before relaxing)
 .rodata.plug_holes.str1.4
                0x80007728        0x0 src/mem.o
                                 0x5b (size before relaxing)
 .rodata.rt_system_heap_init.str1.4
                0x80007728        0x0 src/mem.o
                                 0x6e (size before relaxing)
 .rodata.rt_malloc.str1.4
                0x80007728        0x0 src/mem.o
                                 0xc4 (size before relaxing)
 .rodata.rt_free.str1.4
                0x80007728        0x0 src/mem.o
                                0x101 (size before relaxing)
 .rodata.__FUNCTION__.1
                0x80007728        0xb src/mem.o
 *fill*         0x80007733        0x1 
 .rodata.__FUNCTION__.3
                0x80007734        0xa src/mem.o
 *fill*         0x8000773e        0x2 
 .rodata.__FUNCTION__.4
                0x80007740       0x14 src/mem.o
 .rodata.name   0x80007754       0x29 src/mem.o
                0x80007754                __fsym_list_mem_desc
                0x80007774                __fsym_list_mem_name
 .rodata.rt_object_init.str1.4
                0x8000777d        0x0 src/object.o
                                 0x26 (size before relaxing)
 .rodata.rt_object_detach.str1.4
                0x8000777d        0x0 src/object.o
                                 0x12 (size before relaxing)
 .rodata.rt_object_allocate.str1.4
                0x8000777d        0x0 src/object.o
                                 0x2a (size before relaxing)
 .rodata.rt_object_delete.str1.4
                0x8000777d        0x0 src/object.o
                                 0x29 (size before relaxing)
 *fill*         0x8000777d        0x3 
 .rodata.__FUNCTION__.0
                0x80007780        0xf src/object.o
 *fill*         0x8000778f        0x1 
 .rodata.__FUNCTION__.1
                0x80007790       0x13 src/object.o
 *fill*         0x800077a3        0x1 
 .rodata.__FUNCTION__.2
                0x800077a4       0x1a src/object.o
 *fill*         0x800077be        0x2 
 .rodata.__FUNCTION__.3
                0x800077c0       0x11 src/object.o
 *fill*         0x800077d1        0x3 
 .rodata.__FUNCTION__.4
                0x800077d4       0x13 src/object.o
 *fill*         0x800077e7        0x1 
 .rodata.__FUNCTION__.5
                0x800077e8       0x11 src/object.o
 *fill*         0x800077f9        0x3 
 .rodata.__FUNCTION__.6
                0x800077fc        0xf src/object.o
 .rodata.rt_schedule_insert_thread.str1.4
                0x8000780b        0x0 src/scheduler.o
                                 0x12 (size before relaxing)
 *fill*         0x8000780b        0x1 
 .rodata.__FUNCTION__.0
                0x8000780c       0x1a src/scheduler.o
 *fill*         0x80007826        0x2 
 .rodata.__FUNCTION__.1
                0x80007828       0x1a src/scheduler.o
 .rodata.rt_thread_timeout.str1.4
                0x80007842        0x0 src/thread.o
                                 0x92 (size before relaxing)
 .rodata._rt_thread_init.isra.0.str1.4
                0x80007842        0x0 src/thread.o
                                 0x22 (size before relaxing)
 .rodata.rt_thread_init.str1.4
                0x80007842        0x0 src/thread.o
                                 0x17 (size before relaxing)
 .rodata.rt_thread_startup.str1.4
                0x80007842        0x0 src/thread.o
                                 0x37 (size before relaxing)
 *fill*         0x80007842        0x2 
 .rodata.__FUNCTION__.1
                0x80007844       0x12 src/thread.o
 *fill*         0x80007856        0x2 
 .rodata.__FUNCTION__.2
                0x80007858       0x11 src/thread.o
 *fill*         0x80007869        0x3 
 .rodata.__FUNCTION__.3
                0x8000786c       0x12 src/thread.o
 *fill*         0x8000787e        0x2 
 .rodata.__FUNCTION__.5
                0x80007880       0x10 src/thread.o
 .rodata.__FUNCTION__.8
                0x80007890       0x12 src/thread.o
 *fill*         0x800078a2        0x2 
 .rodata.__FUNCTION__.9
                0x800078a4       0x10 src/thread.o
 .rodata.__FUNCTION__.10
                0x800078b4        0xf src/thread.o
 .rodata.rt_timer_init.str1.4
                0x800078c3        0x0 src/timer.o
                                 0x11 (size before relaxing)
 .rodata.rt_timer_detach.str1.4
                0x800078c3        0x0 src/timer.o
                                 0x66 (size before relaxing)
 .rodata.rt_timer_start.str1.4
                0x800078c3        0x0 src/timer.o
                                 0x23 (size before relaxing)
 *fill*         0x800078c3        0x1 
 .rodata.__FUNCTION__.0
                0x800078c4       0x11 src/timer.o
 *fill*         0x800078d5        0x3 
 .rodata.__FUNCTION__.1
                0x800078d8        0xe src/timer.o
 *fill*         0x800078e6        0x2 
 .rodata.__FUNCTION__.3
                0x800078e8        0xf src/timer.o
 *fill*         0x800078f7        0x1 
 .rodata.__FUNCTION__.5
                0x800078f8       0x10 src/timer.o
 .rodata.__FUNCTION__.6
                0x80007908        0xe src/timer.o
 .rodata.rt_device_unregister.str1.4
                0x80007916        0x0 device/device.o
                                 0x74 (size before relaxing)
 .rodata.rt_device_init.str1.4
                0x80007916        0x0 device/device.o
                                 0x36 (size before relaxing)
 .rodata.rt_device_open.str1.4
                0x80007916        0x0 device/device.o
                                 0x14 (size before relaxing)
 *fill*         0x80007916        0x2 
 .rodata.__FUNCTION__.1
                0x80007918       0x1a device/device.o
 *fill*         0x80007932        0x2 
 .rodata.__FUNCTION__.3
                0x80007934       0x10 device/device.o
 .rodata.__FUNCTION__.4
                0x80007944        0xf device/device.o
 *fill*         0x80007953        0x1 
 .rodata.__FUNCTION__.5
                0x80007954       0x10 device/device.o
 .rodata.__FUNCTION__.6
                0x80007964        0xf device/device.o
 .rodata.rt_hw_board_init.str1.4
                0x80007973        0x0 bsp/board.o
                                 0x42 (size before relaxing)
 .rodata.uart_irq_init.str1.4
                0x80007973        0x0 bsp/uart_irq.o
                                  0xa (size before relaxing)
 .rodata.finsh_rx_ind.str1.4
                0x80007973        0x0 finsh/shell.o
                                 0x11 (size before relaxing)
 .rodata.finsh_get_prompt.str1.4
                0x80007973        0x0 finsh/shell.o
                                 0x12 (size before relaxing)
 .rodata.finsh_system_init.str1.4
                0x80007973        0x0 finsh/shell.o
                                 0x25 (size before relaxing)
 .rodata.finsh_set_device.str1.4
                0x80007973        0x0 finsh/shell.o
                                 0x20 (size before relaxing)
 .rodata.finsh_thread_entry.str1.4
                0x80007973        0x0 finsh/shell.o
                                 0x23 (size before relaxing)
 *fill*         0x80007973        0x1 
 .rodata.finsh_thread_entry
                0x80007974       0x38 finsh/shell.o
 .rodata.__FUNCTION__.0
                0x800079ac        0xe finsh/shell.o
 *fill*         0x800079ba        0x2 
 .rodata.__FUNCTION__.4
                0x800079bc        0xd finsh/shell.o
 *fill*         0x800079c9        0x3 
 .rodata.__FUNCTION__.5
                0x800079cc       0x11 finsh/shell.o
 *fill*         0x800079dd        0x3 
 .rodata.__FUNCTION__.6
                0x800079e0       0x16 finsh/shell.o
 .rodata.hello.str1.4
                0x800079f6        0x0 finsh/cmd.o
                                 0x12 (size before relaxing)
 .rodata.list.str1.4
                0x800079f6        0x0 finsh/cmd.o
                                 0x25 (size before relaxing)
 .rodata.object_split.constprop.0.str1.4
                0x800079f6        0x0 finsh/cmd.o
                                  0x2 (size before relaxing)
 .rodata.list_timer.str1.4
                0x800079f6        0x0 finsh/cmd.o
                                 0x9d (size before relaxing)
 .rodata.list_thread.str1.4
                0x800079f6        0x0 finsh/cmd.o
                                 0xfc (size before relaxing)
 *fill*         0x800079f6        0x2 
 .rodata.list_thread
                0x800079f8       0x14 finsh/cmd.o
 .rodata.list_device.str1.4
                0x80007a0c        0x0 finsh/cmd.o
                                 0x77 (size before relaxing)
 .rodata.list_sem.str1.4
                0x80007a0c        0x0 finsh/cmd.o
                                 0x6c (size before relaxing)
 .rodata.name   0x80007a0c      0x1c6 finsh/cmd.o
                0x80007a0c                __fsym_list_desc
                0x80007a28                __fsym_list_name
                0x80007a30                __fsym___cmd_list_device_desc
                0x80007a48                __fsym___cmd_list_device_name
                0x80007a5c                __fsym_list_device_desc
                0x80007a74                __fsym_list_device_name
                0x80007a80                __fsym___cmd_list_timer_desc
                0x80007a98                __fsym___cmd_list_timer_name
                0x80007aac                __fsym_list_timer_desc
                0x80007ac4                __fsym_list_timer_name
                0x80007ad0                __fsym___cmd_list_sem_desc
                0x80007aec                __fsym___cmd_list_sem_name
                0x80007afc                __fsym_list_sem_desc
                0x80007b18                __fsym_list_sem_name
                0x80007b24                __fsym___cmd_list_thread_desc
                0x80007b30                __fsym___cmd_list_thread_name
                0x80007b44                __fsym_list_thread_desc
                0x80007b50                __fsym_list_thread_name
                0x80007b5c                __fsym___cmd_version_desc
                0x80007b80                __fsym___cmd_version_name
                0x80007b90                __fsym_version_desc
                0x80007bb4                __fsym_version_name
                0x80007bbc                __fsym_hello_desc
                0x80007bcc                __fsym_hello_name
 .rodata.str1.4
                0x80007bd2        0x0 finsh/cmd.o
                                0x12c (size before relaxing)
 *fill*         0x80007bd2        0x2 
 .rodata.device_type_str
                0x80007bd4       0x58 finsh/cmd.o
 .rodata.msh_help.str1.4
                0x80007c2c        0x0 finsh/msh.o
                                 0x32 (size before relaxing)
 .rodata.msh_exec.str1.4
                0x80007c2c        0x0 finsh/msh.o
                                 0x3c (size before relaxing)
 .rodata.msh_auto_complete.str1.4
                0x80007c2c        0x0 finsh/msh.o
                                  0x4 (size before relaxing)
 .rodata.name   0x80007c2c       0x7f finsh/msh.o
                0x80007c2c                __fsym___cmd_free_desc
                0x80007c54                __fsym___cmd_free_name
                0x80007c60                __fsym___cmd_ps_desc
                0x80007c7c                __fsym___cmd_ps_name
                0x80007c88                __fsym___cmd_help_desc
                0x80007ca0                __fsym___cmd_help_name
 .rodata.rtthread1_entry.str1.4
                0x80007cab        0x0 applications/main.o
                                 0x15 (size before relaxing)
 .rodata.simple_add.str1.4
                0x80007cab        0x0 applications/main.o
                                  0x8 (size before relaxing)
 .rodata.core_mark.str1.4
                0x80007cab        0x0 applications/main.o
                                 0x23 (size before relaxing)
 .rodata.main.str1.4
                0x80007cab        0x0 applications/main.o
                                 0x5d (size before relaxing)
 *fill*         0x80007cab        0x1 
 .rodata.name   0x80007cac       0x39 applications/main.o
                0x80007cac                __fsym___cmd_core_mark_desc
                0x80007cb8                __fsym___cmd_core_mark_name
                0x80007cc8                __fsym___cmd_simple_add_desc
                0x80007cd4                __fsym___cmd_simple_add_name
 .rodata.coremark_main.str1.4
                0x80007ce5        0x0 coremark/core_main.o
                                0x409 (size before relaxing)
 *fill*         0x80007ce5        0x3 
 .rodata.state_known_crc
                0x80007ce8        0xa coremark/core_main.o
 *fill*         0x80007cf2        0x2 
 .rodata.matrix_known_crc
                0x80007cf4        0xa coremark/core_main.o
 *fill*         0x80007cfe        0x2 
 .rodata.list_known_crc
                0x80007d00        0xa coremark/core_main.o
 .rodata.str1.4
                0x80007d0a        0x0 coremark/core_state.o
                                 0xad (size before relaxing)
 *fill*         0x80007d0a        0x2 
 .rodata.errpat
                0x80007d0c       0x10 coremark/core_state.o
 .rodata.scipat
                0x80007d1c       0x10 coremark/core_state.o
 .rodata.floatpat
                0x80007d2c       0x10 coremark/core_state.o
 .rodata.intpat
                0x80007d3c       0x10 coremark/core_state.o
 .rodata.get_seed_32
                0x80007d4c       0x18 coremark/core_util.o
 .rodata        0x80007d64      0x200 coremark/core_util.o
 .rodata.number.str1.4
                0x80007f64        0x0 coremark/ee_printf.o
                                 0x4d (size before relaxing)
 .rodata.ee_printf.str1.4
                0x80007f64        0x0 coremark/ee_printf.o
                                  0x7 (size before relaxing)
 .rodata.ee_printf
                0x80007f64      0x204 coremark/ee_printf.o
 *(.srodata .srodata.*)
 .srodata.__FUNCTION__.0
                0x80008168        0x8 src/mem.o
                0x80008170                        . = ALIGN (0x4)
                0x80008170                        __fsymtab_start = .
 *(FSymTab)
 FSymTab        0x80008170        0xc src/mem.o
                0x80008170                __fsym_list_mem
 FSymTab        0x8000817c       0x90 finsh/cmd.o
                0x8000817c                __fsym_list
                0x80008188                __fsym___cmd_list_device
                0x80008194                __fsym_list_device
                0x800081a0                __fsym___cmd_list_timer
                0x800081ac                __fsym_list_timer
                0x800081b8                __fsym___cmd_list_sem
                0x800081c4                __fsym_list_sem
                0x800081d0                __fsym___cmd_list_thread
                0x800081dc                __fsym_list_thread
                0x800081e8                __fsym___cmd_version
                0x800081f4                __fsym_version
                0x80008200                __fsym_hello
 FSymTab        0x8000820c       0x24 finsh/msh.o
                0x8000820c                __fsym___cmd_free
                0x80008218                __fsym___cmd_ps
                0x80008224                __fsym___cmd_help
 FSymTab        0x80008230       0x18 applications/main.o
                0x80008230                __fsym___cmd_core_mark
                0x8000823c                __fsym___cmd_simple_add
                0x80008248                        __fsymtab_end = .
                0x80008248                        . = ALIGN (0x4)
                0x80008248                        __vsymtab_start = .
 *(VSymTab)
                0x80008248                        __vsymtab_end = .

.rela.dyn       0x80008248        0x0
 .rela.text.init
                0x80008248        0x0 start.o
 .rela.text.trap
                0x80008248        0x0 start.o
 .rela.text.rt_hw_board_init
                0x80008248        0x0 start.o
 .rela.text.finsh_system_init
                0x80008248        0x0 start.o

.data           0x80008248       0x50
                0x80008248                        _data_start = .
 *(.data .data.*)
 .data.rt_object_container
                0x80008248       0x40 src/object.o
                0x80008a88                        PROVIDE (__global_pointer$ = (. + 0x800))
 *(.sdata .sdata.*)
 .sdata.k       0x80008288        0x4 applications/main.o
 .sdata.default_num_contexts
                0x8000828c        0x4 coremark/core_portme.o
                0x8000828c                default_num_contexts
 .sdata.seed4_volatile
                0x80008290        0x4 coremark/core_portme.o
                0x80008290                seed4_volatile
 .sdata.seed3_volatile
                0x80008294        0x4 coremark/core_portme.o
                0x80008294                seed3_volatile
                0x80008298                        _data_end = .

.bss            0x80008298      0x69c
                0x80008298                        _bss_start = .
 *(.bss .bss.*)
 .bss.irq_desc_table
                0x80008298      0x100 libcpu/interrupt.o
 .bss.rt_thread_stack
                0x80008398      0x100 src/idle.o
 .bss.idle      0x80008498       0x78 src/idle.o
 .bss.rt_log_buf.0
                0x80008510      0x100 src/kservice.o
 .bss.heap_sem  0x80008610       0x20 src/mem.o
 .bss.rt_thread_priority_table
                0x80008630      0x100 src/scheduler.o
                0x80008630                rt_thread_priority_table
 .bss.g_uart_rx_sem
                0x80008730       0x20 bsp/uart_irq.o
                0x80008730                g_uart_rx_sem
 .bss.g_uart_rx
                0x80008750       0x48 bsp/uart_irq.o
                0x80008750                g_uart_rx
 .bss.finsh_prompt.8
                0x80008798      0x101 finsh/shell.o
 *(.sbss .sbss.*)
 *fill*         0x80008899        0x3 
 .sbss.rt_thread_switch_interrupt_flag
                0x8000889c        0x4 libcpu/cpuport.o
                0x8000889c                rt_thread_switch_interrupt_flag
 .sbss.rt_interrupt_to_thread
                0x800088a0        0x4 libcpu/cpuport.o
                0x800088a0                rt_interrupt_to_thread
 .sbss.rt_interrupt_from_thread
                0x800088a4        0x4 libcpu/cpuport.o
                0x800088a4                rt_interrupt_from_thread
 .sbss.rt_tick  0x800088a8        0x4 src/clock.o
 .sbss.rt_interrupt_nest
                0x800088ac        0x1 src/irq.o
                0x800088ac                rt_interrupt_nest
 *fill*         0x800088ad        0x3 
 .sbss.rt_assert_hook
                0x800088b0        0x4 src/kservice.o
                0x800088b0                rt_assert_hook
 .sbss._console_device
                0x800088b4        0x4 src/kservice.o
 .sbss.__rt_errno
                0x800088b8        0x4 src/kservice.o
 .sbss.max_mem  0x800088bc        0x4 src/mem.o
 .sbss.used_mem
                0x800088c0        0x4 src/mem.o
 .sbss.mem_size_aligned
                0x800088c4        0x4 src/mem.o
 .sbss.lfree    0x800088c8        0x4 src/mem.o
 .sbss.heap_end
                0x800088cc        0x4 src/mem.o
 .sbss.heap_ptr
                0x800088d0        0x4 src/mem.o
 .sbss.rt_thread_defunct
                0x800088d4        0x8 src/scheduler.o
                0x800088d4                rt_thread_defunct
 .sbss.rt_thread_ready_priority_group
                0x800088dc        0x4 src/scheduler.o
                0x800088dc                rt_thread_ready_priority_group
 .sbss.rt_current_priority
                0x800088e0        0x1 src/scheduler.o
                0x800088e0                rt_current_priority
 *fill*         0x800088e1        0x3 
 .sbss.rt_current_thread
                0x800088e4        0x4 src/scheduler.o
                0x800088e4                rt_current_thread
 .sbss.rt_scheduler_lock_nest
                0x800088e8        0x2 src/scheduler.o
 *fill*         0x800088ea        0x2 
 .sbss.random_nr.2
                0x800088ec        0x4 src/timer.o
 .sbss.rt_timer_list
                0x800088f0        0x8 src/timer.o
 .sbss.finsh_prompt_custom
                0x800088f8        0x4 finsh/shell.o
 .sbss.shell    0x800088fc        0x4 finsh/shell.o
                0x800088fc                shell
 .sbss._sysvar_table_end
                0x80008900        0x4 finsh/shell.o
                0x80008900                _sysvar_table_end
 .sbss._sysvar_table_begin
                0x80008904        0x4 finsh/shell.o
                0x80008904                _sysvar_table_begin
 .sbss._syscall_table_end
                0x80008908        0x4 finsh/shell.o
                0x80008908                _syscall_table_end
 .sbss._syscall_table_begin
                0x8000890c        0x4 finsh/shell.o
                0x8000890c                _syscall_table_begin
 .sbss.sum      0x80008910        0x4 applications/main.o
 .sbss.cnt      0x80008914        0x4 applications/main.o
 .sbss.stop_time_val
                0x80008918        0x8 coremark/core_portme.o
 .sbss.start_time_val
                0x80008920        0x8 coremark/core_portme.o
 .sbss.seed5_volatile
                0x80008928        0x4 coremark/core_portme.o
                0x80008928                seed5_volatile
 .sbss.seed2_volatile
                0x8000892c        0x4 coremark/core_portme.o
                0x8000892c                seed2_volatile
 .sbss.seed1_volatile
                0x80008930        0x4 coremark/core_portme.o
                0x80008930                seed1_volatile
 *(COMMON)
                0x80008934                        . = ALIGN (0x4)
                0x80008934                        _bss_end = .

.heap           0x80008938     0x4000
                0x80008938                        __heap_start = .
                0x8000c938                        . = (. + _heap_size)
 *fill*         0x80008938     0x4000 
                0x8000c938                        __heap_end = .

.stack          0x8000c940     0x2000
                0x8000c940                        __stack_start = .
                0x8000e940                        . = (. + _stack_size)
 *fill*         0x8000c940     0x2000 
                0x8000e940                        . = ALIGN (0x10)
                0x8000e940                        __stack_top = .
                0x8000e940                        _system_ram_end = .

/DISCARD/
 *(.eh_frame)
OUTPUT(rtthread.elf elf32-littleriscv)

.riscv.attributes
                0x00000000       0x5b
 .riscv.attributes
                0x00000000       0x59 start.o
 .riscv.attributes
                0x00000059       0x59 libcpu/context_gcc.o
 .riscv.attributes
                0x000000b2       0x59 libcpu/trap_entry.o
 .riscv.attributes
                0x0000010b       0x57 libcpu/cpuport.o
 .riscv.attributes
                0x00000162       0x5b libcpu/interrupt.o
 .riscv.attributes
                0x000001bd       0x57 src/clock.o
 .riscv.attributes
                0x00000214       0x57 src/components.o
 .riscv.attributes
                0x0000026b       0x57 src/idle.o
 .riscv.attributes
                0x000002c2       0x57 src/ipc.o
 .riscv.attributes
                0x00000319       0x57 src/irq.o
 .riscv.attributes
                0x00000370       0x57 src/kservice.o
 .riscv.attributes
                0x000003c7       0x57 src/mem.o
 .riscv.attributes
                0x0000041e       0x57 src/object.o
 .riscv.attributes
                0x00000475       0x57 src/scheduler.o
 .riscv.attributes
                0x000004cc       0x57 src/thread.o
 .riscv.attributes
                0x00000523       0x57 src/timer.o
 .riscv.attributes
                0x0000057a       0x57 device/device.o
 .riscv.attributes
                0x000005d1       0x57 bsp/board.o
 .riscv.attributes
                0x00000628       0x57 bsp/uart_irq.o
 .riscv.attributes
                0x0000067f       0x57 finsh/shell.o
 .riscv.attributes
                0x000006d6       0x57 finsh/cmd.o
 .riscv.attributes
                0x0000072d       0x57 finsh/msh.o
 .riscv.attributes
                0x00000784       0x57 applications/main.o
 .riscv.attributes
                0x000007db       0x57 coremark/core_main.o
 .riscv.attributes
                0x00000832       0x57 coremark/core_list_join.o
 .riscv.attributes
                0x00000889       0x57 coremark/core_matrix.o
 .riscv.attributes
                0x000008e0       0x57 coremark/core_state.o
 .riscv.attributes
                0x00000937       0x57 coremark/core_util.o
 .riscv.attributes
                0x0000098e       0x5b coremark/core_portme.o
 .riscv.attributes
                0x000009e9       0x57 coremark/ee_printf.o
 .riscv.attributes
                0x00000a40       0x4e D:/RISCV-none-elf-gcc/xpack-riscv-none-elf-gcc-15.2.0-1-win32-x64/xpack-riscv-none-elf-gcc-15.2.0-1/bin/../lib/gcc/riscv-none-elf/15.2.0/../../../../riscv-none-elf/lib\libc.a(libc_a-strcat.o)
 .riscv.attributes
                0x00000a8e       0x4e D:/RISCV-none-elf-gcc/xpack-riscv-none-elf-gcc-15.2.0-1-win32-x64/xpack-riscv-none-elf-gcc-15.2.0-1/bin/../lib/gcc/riscv-none-elf/15.2.0/../../../../riscv-none-elf/lib\libc.a(libc_a-strncmp.o)
 .riscv.attributes
                0x00000adc       0x4e D:/RISCV-none-elf-gcc/xpack-riscv-none-elf-gcc-15.2.0-1-win32-x64/xpack-riscv-none-elf-gcc-15.2.0-1/bin/../lib/gcc/riscv-none-elf/15.2.0/../../../../riscv-none-elf/lib\libc.a(libc_a-strncpy.o)
 .riscv.attributes
                0x00000b2a       0x4c D:/RISCV-none-elf-gcc/xpack-riscv-none-elf-gcc-15.2.0-1-win32-x64/xpack-riscv-none-elf-gcc-15.2.0-1/bin/../lib/gcc/riscv-none-elf/15.2.0/../../../../riscv-none-elf/lib\libc.a(libc_a-memset.o)
 .riscv.attributes
                0x00000b76       0x4e D:/RISCV-none-elf-gcc/xpack-riscv-none-elf-gcc-15.2.0-1-win32-x64/xpack-riscv-none-elf-gcc-15.2.0-1/bin/../lib/gcc/riscv-none-elf/15.2.0/../../../../riscv-none-elf/lib\libc.a(libc_a-memcpy.o)
 .riscv.attributes
                0x00000bc4       0x4e D:/RISCV-none-elf-gcc/xpack-riscv-none-elf-gcc-15.2.0-1-win32-x64/xpack-riscv-none-elf-gcc-15.2.0-1/bin/../lib/gcc/riscv-none-elf/15.2.0/../../../../riscv-none-elf/lib\libc.a(libc_a-strlen.o)
 .riscv.attributes
                0x00000c12       0x4e D:/RISCV-none-elf-gcc/xpack-riscv-none-elf-gcc-15.2.0-1-win32-x64/xpack-riscv-none-elf-gcc-15.2.0-1/bin/../lib/gcc/riscv-none-elf/15.2.0/../../../../riscv-none-elf/lib\libc.a(libc_a-strcpy.o)

.comment        0x00000000       0x33
 .comment       0x00000000       0x33 libcpu/cpuport.o
                                 0x34 (size before relaxing)
 .comment       0x00000033        0x0 libcpu/interrupt.o
                                 0x34 (size before relaxing)
 .comment       0x00000033        0x0 src/clock.o
                                 0x34 (size before relaxing)
 .comment       0x00000033        0x0 src/components.o
                                 0x34 (size before relaxing)
 .comment       0x00000033        0x0 src/idle.o
                                 0x34 (size before relaxing)
 .comment       0x00000033        0x0 src/ipc.o
                                 0x34 (size before relaxing)
 .comment       0x00000033        0x0 src/irq.o
                                 0x34 (size before relaxing)
 .comment       0x00000033        0x0 src/kservice.o
                                 0x34 (size before relaxing)
 .comment       0x00000033        0x0 src/mem.o
                                 0x34 (size before relaxing)
 .comment       0x00000033        0x0 src/object.o
                                 0x34 (size before relaxing)
 .comment       0x00000033        0x0 src/scheduler.o
                                 0x34 (size before relaxing)
 .comment       0x00000033        0x0 src/thread.o
                                 0x34 (size before relaxing)
 .comment       0x00000033        0x0 src/timer.o
                                 0x34 (size before relaxing)
 .comment       0x00000033        0x0 device/device.o
                                 0x34 (size before relaxing)
 .comment       0x00000033        0x0 bsp/board.o
                                 0x34 (size before relaxing)
 .comment       0x00000033        0x0 bsp/uart_irq.o
                                 0x34 (size before relaxing)
 .comment       0x00000033        0x0 finsh/shell.o
                                 0x34 (size before relaxing)
 .comment       0x00000033        0x0 finsh/cmd.o
                                 0x34 (size before relaxing)
 .comment       0x00000033        0x0 finsh/msh.o
                                 0x34 (size before relaxing)
 .comment       0x00000033        0x0 applications/main.o
                                 0x34 (size before relaxing)
 .comment       0x00000033        0x0 coremark/core_main.o
                                 0x34 (size before relaxing)
 .comment       0x00000033        0x0 coremark/core_list_join.o
                                 0x34 (size before relaxing)
 .comment       0x00000033        0x0 coremark/core_matrix.o
                                 0x34 (size before relaxing)
 .comment       0x00000033        0x0 coremark/core_state.o
                                 0x34 (size before relaxing)
 .comment       0x00000033        0x0 coremark/core_util.o
                                 0x34 (size before relaxing)
 .comment       0x00000033        0x0 coremark/core_portme.o
                                 0x34 (size before relaxing)
 .comment       0x00000033        0x0 coremark/ee_printf.o
                                 0x34 (size before relaxing)
 .comment       0x00000033        0x0 D:/RISCV-none-elf-gcc/xpack-riscv-none-elf-gcc-15.2.0-1-win32-x64/xpack-riscv-none-elf-gcc-15.2.0-1/bin/../lib/gcc/riscv-none-elf/15.2.0/../../../../riscv-none-elf/lib\libc.a(libc_a-strcat.o)
                                 0x34 (size before relaxing)
 .comment       0x00000033        0x0 D:/RISCV-none-elf-gcc/xpack-riscv-none-elf-gcc-15.2.0-1-win32-x64/xpack-riscv-none-elf-gcc-15.2.0-1/bin/../lib/gcc/riscv-none-elf/15.2.0/../../../../riscv-none-elf/lib\libc.a(libc_a-strncmp.o)
                                 0x34 (size before relaxing)
 .comment       0x00000033        0x0 D:/RISCV-none-elf-gcc/xpack-riscv-none-elf-gcc-15.2.0-1-win32-x64/xpack-riscv-none-elf-gcc-15.2.0-1/bin/../lib/gcc/riscv-none-elf/15.2.0/../../../../riscv-none-elf/lib\libc.a(libc_a-strncpy.o)
                                 0x34 (size before relaxing)
 .comment       0x00000033        0x0 D:/RISCV-none-elf-gcc/xpack-riscv-none-elf-gcc-15.2.0-1-win32-x64/xpack-riscv-none-elf-gcc-15.2.0-1/bin/../lib/gcc/riscv-none-elf/15.2.0/../../../../riscv-none-elf/lib\libc.a(libc_a-memcpy.o)
                                 0x34 (size before relaxing)
 .comment       0x00000033        0x0 D:/RISCV-none-elf-gcc/xpack-riscv-none-elf-gcc-15.2.0-1-win32-x64/xpack-riscv-none-elf-gcc-15.2.0-1/bin/../lib/gcc/riscv-none-elf/15.2.0/../../../../riscv-none-elf/lib\libc.a(libc_a-strlen.o)
                                 0x34 (size before relaxing)
 .comment       0x00000033        0x0 D:/RISCV-none-elf-gcc/xpack-riscv-none-elf-gcc-15.2.0-1-win32-x64/xpack-riscv-none-elf-gcc-15.2.0-1/bin/../lib/gcc/riscv-none-elf/15.2.0/../../../../riscv-none-elf/lib\libc.a(libc_a-strcpy.o)
                                 0x34 (size before relaxing)

.note.GNU-stack
                0x00000000        0x0
 .note.GNU-stack
                0x00000000        0x0 libcpu/cpuport.o
 .note.GNU-stack
                0x00000000        0x0 libcpu/interrupt.o
 .note.GNU-stack
                0x00000000        0x0 src/clock.o
 .note.GNU-stack
                0x00000000        0x0 src/components.o
 .note.GNU-stack
                0x00000000        0x0 src/idle.o
 .note.GNU-stack
                0x00000000        0x0 src/ipc.o
 .note.GNU-stack
                0x00000000        0x0 src/irq.o
 .note.GNU-stack
                0x00000000        0x0 src/kservice.o
 .note.GNU-stack
                0x00000000        0x0 src/mem.o
 .note.GNU-stack
                0x00000000        0x0 src/object.o
 .note.GNU-stack
                0x00000000        0x0 src/scheduler.o
 .note.GNU-stack
                0x00000000        0x0 src/thread.o
 .note.GNU-stack
                0x00000000        0x0 src/timer.o
 .note.GNU-stack
                0x00000000        0x0 device/device.o
 .note.GNU-stack
                0x00000000        0x0 bsp/board.o
 .note.GNU-stack
                0x00000000        0x0 bsp/uart_irq.o
 .note.GNU-stack
                0x00000000        0x0 finsh/shell.o
 .note.GNU-stack
                0x00000000        0x0 finsh/cmd.o
 .note.GNU-stack
                0x00000000        0x0 finsh/msh.o
 .note.GNU-stack
                0x00000000        0x0 applications/main.o
 .note.GNU-stack
                0x00000000        0x0 coremark/core_main.o
 .note.GNU-stack
                0x00000000        0x0 coremark/core_list_join.o
 .note.GNU-stack
                0x00000000        0x0 coremark/core_matrix.o
 .note.GNU-stack
                0x00000000        0x0 coremark/core_state.o
 .note.GNU-stack
                0x00000000        0x0 coremark/core_util.o
 .note.GNU-stack
                0x00000000        0x0 coremark/core_portme.o
 .note.GNU-stack
                0x00000000        0x0 coremark/ee_printf.o
 .note.GNU-stack
                0x00000000        0x0 D:/RISCV-none-elf-gcc/xpack-riscv-none-elf-gcc-15.2.0-1-win32-x64/xpack-riscv-none-elf-gcc-15.2.0-1/bin/../lib/gcc/riscv-none-elf/15.2.0/../../../../riscv-none-elf/lib\libc.a(libc_a-strcat.o)
 .note.GNU-stack
                0x00000000        0x0 D:/RISCV-none-elf-gcc/xpack-riscv-none-elf-gcc-15.2.0-1-win32-x64/xpack-riscv-none-elf-gcc-15.2.0-1/bin/../lib/gcc/riscv-none-elf/15.2.0/../../../../riscv-none-elf/lib\libc.a(libc_a-strncmp.o)
 .note.GNU-stack
                0x00000000        0x0 D:/RISCV-none-elf-gcc/xpack-riscv-none-elf-gcc-15.2.0-1-win32-x64/xpack-riscv-none-elf-gcc-15.2.0-1/bin/../lib/gcc/riscv-none-elf/15.2.0/../../../../riscv-none-elf/lib\libc.a(libc_a-strncpy.o)
 .note.GNU-stack
                0x00000000        0x0 D:/RISCV-none-elf-gcc/xpack-riscv-none-elf-gcc-15.2.0-1-win32-x64/xpack-riscv-none-elf-gcc-15.2.0-1/bin/../lib/gcc/riscv-none-elf/15.2.0/../../../../riscv-none-elf/lib\libc.a(libc_a-memcpy.o)
 .note.GNU-stack
                0x00000000        0x0 D:/RISCV-none-elf-gcc/xpack-riscv-none-elf-gcc-15.2.0-1-win32-x64/xpack-riscv-none-elf-gcc-15.2.0-1/bin/../lib/gcc/riscv-none-elf/15.2.0/../../../../riscv-none-elf/lib\libc.a(libc_a-strlen.o)
 .note.GNU-stack
                0x00000000        0x0 D:/RISCV-none-elf-gcc/xpack-riscv-none-elf-gcc-15.2.0-1-win32-x64/xpack-riscv-none-elf-gcc-15.2.0-1/bin/../lib/gcc/riscv-none-elf/15.2.0/../../../../riscv-none-elf/lib\libc.a(libc_a-strcpy.o)

.debug_info     0x00000000    0x123ea
 .debug_info    0x00000000      0x3c2 libcpu/cpuport.o
 .debug_info    0x000003c2      0xac2 libcpu/interrupt.o
 .debug_info    0x00000e84      0x440 src/clock.o
 .debug_info    0x000012c4      0x62a src/components.o
 .debug_info    0x000018ee      0x725 src/idle.o
 .debug_info    0x00002013     0x1260 src/ipc.o
 .debug_info    0x00003273      0x14a src/irq.o
 .debug_info    0x000033bd     0x1790 src/kservice.o
 .debug_info    0x00004b4d      0xdfd src/mem.o
 .debug_info    0x0000594a      0xb35 src/object.o
 .debug_info    0x0000647f      0x80d src/scheduler.o
 .debug_info    0x00006c8c     0x1852 src/thread.o
 .debug_info    0x000084de      0xed9 src/timer.o
 .debug_info    0x000093b7     0x102d device/device.o
 .debug_info    0x0000a3e4      0x38e bsp/board.o
 .debug_info    0x0000a772      0x51b bsp/uart_irq.o
 .debug_info    0x0000ac8d     0x147a finsh/shell.o
 .debug_info    0x0000c107     0x17cb finsh/cmd.o
 .debug_info    0x0000d8d2      0x974 finsh/msh.o
 .debug_info    0x0000e246      0x733 applications/main.o
 .debug_info    0x0000e979      0xabb coremark/core_main.o
 .debug_info    0x0000f434      0xe7a coremark/core_list_join.o
 .debug_info    0x000102ae      0xba1 coremark/core_matrix.o
 .debug_info    0x00010e4f      0x4a7 coremark/core_state.o
 .debug_info    0x000112f6      0x4f6 coremark/core_util.o
 .debug_info    0x000117ec      0x494 coremark/core_portme.o
 .debug_info    0x00011c80      0x76a coremark/ee_printf.o

.debug_abbrev   0x00000000     0x4e88
 .debug_abbrev  0x00000000      0x1c6 libcpu/cpuport.o
 .debug_abbrev  0x000001c6      0x362 libcpu/interrupt.o
 .debug_abbrev  0x00000528      0x1c9 src/clock.o
 .debug_abbrev  0x000006f1      0x24a src/components.o
 .debug_abbrev  0x0000093b      0x2ff src/idle.o
 .debug_abbrev  0x00000c3a      0x3a9 src/ipc.o
 .debug_abbrev  0x00000fe3      0x106 src/irq.o
 .debug_abbrev  0x000010e9      0x492 src/kservice.o
 .debug_abbrev  0x0000157b      0x37e src/mem.o
 .debug_abbrev  0x000018f9      0x33c src/object.o
 .debug_abbrev  0x00001c35      0x2ea src/scheduler.o
 .debug_abbrev  0x00001f1f      0x3a1 src/thread.o
 .debug_abbrev  0x000022c0      0x427 src/timer.o
 .debug_abbrev  0x000026e7      0x2aa device/device.o
 .debug_abbrev  0x00002991      0x234 bsp/board.o
 .debug_abbrev  0x00002bc5      0x2ba bsp/uart_irq.o
 .debug_abbrev  0x00002e7f      0x4eb finsh/shell.o
 .debug_abbrev  0x0000336a      0x431 finsh/cmd.o
 .debug_abbrev  0x0000379b      0x36c finsh/msh.o
 .debug_abbrev  0x00003b07      0x21f applications/main.o
 .debug_abbrev  0x00003d26      0x1f2 coremark/core_main.o
 .debug_abbrev  0x00003f18      0x36c coremark/core_list_join.o
 .debug_abbrev  0x00004284      0x2af coremark/core_matrix.o
 .debug_abbrev  0x00004533      0x251 coremark/core_state.o
 .debug_abbrev  0x00004784      0x203 coremark/core_util.o
 .debug_abbrev  0x00004987      0x1d0 coremark/core_portme.o
 .debug_abbrev  0x00004b57      0x331 coremark/ee_printf.o

.debug_loclists
                0x00000000     0x9326
 .debug_loclists
                0x00000000       0x8e libcpu/cpuport.o
 .debug_loclists
                0x0000008e      0x418 libcpu/interrupt.o
 .debug_loclists
                0x000004a6       0xa2 src/clock.o
 .debug_loclists
                0x00000548       0x8f src/components.o
 .debug_loclists
                0x000005d7       0x76 src/idle.o
 .debug_loclists
                0x0000064d      0x49e src/ipc.o
 .debug_loclists
                0x00000aeb       0x22 src/irq.o
 .debug_loclists
                0x00000b0d     0x186d src/kservice.o
 .debug_loclists
                0x0000237a      0x5c0 src/mem.o
 .debug_loclists
                0x0000293a      0x3ef src/object.o
 .debug_loclists
                0x00002d29      0x19d src/scheduler.o
 .debug_loclists
                0x00002ec6      0x7e0 src/thread.o
 .debug_loclists
                0x000036a6      0x4d3 src/timer.o
 .debug_loclists
                0x00003b79      0x6a1 device/device.o
 .debug_loclists
                0x0000421a       0xd7 bsp/board.o
 .debug_loclists
                0x000042f1       0xd3 bsp/uart_irq.o
 .debug_loclists
                0x000043c4      0x22e finsh/shell.o
 .debug_loclists
                0x000045f2      0x7f8 finsh/cmd.o
 .debug_loclists
                0x00004dea      0x4c5 finsh/msh.o
 .debug_loclists
                0x000052af       0xda applications/main.o
 .debug_loclists
                0x00005389      0x4ec coremark/core_main.o
 .debug_loclists
                0x00005875      0xf0f coremark/core_list_join.o
 .debug_loclists
                0x00006784      0xe59 coremark/core_matrix.o
 .debug_loclists
                0x000075dd      0x6e1 coremark/core_state.o
 .debug_loclists
                0x00007cbe      0x3be coremark/core_util.o
 .debug_loclists
                0x0000807c      0x125 coremark/core_portme.o
 .debug_loclists
                0x000081a1     0x1185 coremark/ee_printf.o

.debug_aranges  0x00000000      0x9c8
 .debug_aranges
                0x00000000       0x30 libcpu/cpuport.o
 .debug_aranges
                0x00000030       0x40 libcpu/interrupt.o
 .debug_aranges
                0x00000070       0x40 src/clock.o
 .debug_aranges
                0x000000b0       0x68 src/components.o
 .debug_aranges
                0x00000118       0x38 src/idle.o
 .debug_aranges
                0x00000150       0x60 src/ipc.o
 .debug_aranges
                0x000001b0       0x30 src/irq.o
 .debug_aranges
                0x000001e0      0x110 src/kservice.o
 .debug_aranges
                0x000002f0       0x58 src/mem.o
 .debug_aranges
                0x00000348       0x60 src/object.o
 .debug_aranges
                0x000003a8       0x58 src/scheduler.o
 .debug_aranges
                0x00000400       0xa0 src/thread.o
 .debug_aranges
                0x000004a0       0x78 src/timer.o
 .debug_aranges
                0x00000518       0x88 device/device.o
 .debug_aranges
                0x000005a0       0x98 bsp/board.o
 .debug_aranges
                0x00000638       0x30 bsp/uart_irq.o
 .debug_aranges
                0x00000668       0x80 finsh/shell.o
 .debug_aranges
                0x000006e8       0x60 finsh/cmd.o
 .debug_aranges
                0x00000748       0x48 finsh/msh.o
 .debug_aranges
                0x00000790       0x40 applications/main.o
 .debug_aranges
                0x000007d0       0x28 coremark/core_main.o
 .debug_aranges
                0x000007f8       0x78 coremark/core_list_join.o
 .debug_aranges
                0x00000870       0x60 coremark/core_matrix.o
 .debug_aranges
                0x000008d0       0x30 coremark/core_state.o
 .debug_aranges
                0x00000900       0x48 coremark/core_util.o
 .debug_aranges
                0x00000948       0x50 coremark/core_portme.o
 .debug_aranges
                0x00000998       0x30 coremark/ee_printf.o

.debug_rnglists
                0x00000000      0xe29
 .debug_rnglists
                0x00000000       0x1f libcpu/cpuport.o
 .debug_rnglists
                0x0000001f       0x45 libcpu/interrupt.o
 .debug_rnglists
                0x00000064       0x2b src/clock.o
 .debug_rnglists
                0x0000008f       0x49 src/components.o
 .debug_rnglists
                0x000000d8       0x77 src/idle.o
 .debug_rnglists
                0x0000014f       0x9f src/ipc.o
 .debug_rnglists
                0x000001ee       0x1f src/irq.o
 .debug_rnglists
                0x0000020d      0x112 src/kservice.o
 .debug_rnglists
                0x0000031f       0x62 src/mem.o
 .debug_rnglists
                0x00000381       0x98 src/object.o
 .debug_rnglists
                0x00000419       0x65 src/scheduler.o
 .debug_rnglists
                0x0000047e       0xf4 src/thread.o
 .debug_rnglists
                0x00000572       0x9d src/timer.o
 .debug_rnglists
                0x0000060f       0x67 device/device.o
 .debug_rnglists
                0x00000676       0x6d bsp/board.o
 .debug_rnglists
                0x000006e3       0x3d bsp/uart_irq.o
 .debug_rnglists
                0x00000720       0xb9 finsh/shell.o
 .debug_rnglists
                0x000007d9      0x182 finsh/cmd.o
 .debug_rnglists
                0x0000095b       0x9a finsh/msh.o
 .debug_rnglists
                0x000009f5       0x40 applications/main.o
 .debug_rnglists
                0x00000a35       0x31 coremark/core_main.o
 .debug_rnglists
                0x00000a66      0x134 coremark/core_list_join.o
 .debug_rnglists
                0x00000b9a       0xaf coremark/core_matrix.o
 .debug_rnglists
                0x00000c49       0x79 coremark/core_state.o
 .debug_rnglists
                0x00000cc2       0x6f coremark/core_util.o
 .debug_rnglists
                0x00000d31       0x4f coremark/core_portme.o
 .debug_rnglists
                0x00000d80       0xa9 coremark/ee_printf.o

.debug_line     0x00000000    0x11a89
 .debug_line    0x00000000      0x230 libcpu/cpuport.o
 .debug_line    0x00000230      0x806 libcpu/interrupt.o
 .debug_line    0x00000a36      0x1e1 src/clock.o
 .debug_line    0x00000c17      0x320 src/components.o
 .debug_line    0x00000f37      0x331 src/idle.o
 .debug_line    0x00001268      0xba2 src/ipc.o
 .debug_line    0x00001e0a      0x161 src/irq.o
 .debug_line    0x00001f6b     0x1e79 src/kservice.o
 .debug_line    0x00003de4      0xdf3 src/mem.o
 .debug_line    0x00004bd7      0x8ff src/object.o
 .debug_line    0x000054d6      0x6e8 src/scheduler.o
 .debug_line    0x00005bbe     0x1294 src/thread.o
 .debug_line    0x00006e52      0xc72 src/timer.o
 .debug_line    0x00007ac4      0xb44 device/device.o
 .debug_line    0x00008608      0x3b1 bsp/board.o
 .debug_line    0x000089b9      0x26d bsp/uart_irq.o
 .debug_line    0x00008c26      0xe7a finsh/shell.o
 .debug_line    0x00009aa0      0xf5f finsh/cmd.o
 .debug_line    0x0000a9ff      0x9a4 finsh/msh.o
 .debug_line    0x0000b3a3      0x2d0 applications/main.o
 .debug_line    0x0000b673      0xcea coremark/core_main.o
 .debug_line    0x0000c35d     0x149f coremark/core_list_join.o
 .debug_line    0x0000d7fc     0x1254 coremark/core_matrix.o
 .debug_line    0x0000ea50      0xe0e coremark/core_state.o
 .debug_line    0x0000f85e      0x551 coremark/core_util.o
 .debug_line    0x0000fdaf      0x333 coremark/core_portme.o
 .debug_line    0x000100e2     0x19a7 coremark/ee_printf.o

.debug_str      0x00000000     0x28b3
 .debug_str     0x00000000     0x28b3 libcpu/cpuport.o
                                0x290 (size before relaxing)
 .debug_str     0x000028b3        0x0 libcpu/interrupt.o
                                0x39d (size before relaxing)
 .debug_str     0x000028b3        0x0 src/clock.o
                                0x368 (size before relaxing)
 .debug_str     0x000028b3        0x0 src/components.o
                                0x49b (size before relaxing)
 .debug_str     0x000028b3        0x0 src/idle.o
                                0x45c (size before relaxing)
 .debug_str     0x000028b3        0x0 src/ipc.o
                                0x6d1 (size before relaxing)
 .debug_str     0x000028b3        0x0 src/irq.o
                                0x1ca (size before relaxing)
 .debug_str     0x000028b3        0x0 src/kservice.o
                                0x8ce (size before relaxing)
 .debug_str     0x000028b3        0x0 src/mem.o
                                0x445 (size before relaxing)
 .debug_str     0x000028b3        0x0 src/object.o
                                0x5a3 (size before relaxing)
 .debug_str     0x000028b3        0x0 src/scheduler.o
                                0x511 (size before relaxing)
 .debug_str     0x000028b3        0x0 src/thread.o
                                0x80a (size before relaxing)
 .debug_str     0x000028b3        0x0 src/timer.o
                                0x5e7 (size before relaxing)
 .debug_str     0x000028b3        0x0 device/device.o
                                0x78f (size before relaxing)
 .debug_str     0x000028b3        0x0 bsp/board.o
                                0x328 (size before relaxing)
 .debug_str     0x000028b3        0x0 bsp/uart_irq.o
                                0x2e0 (size before relaxing)
 .debug_str     0x000028b3        0x0 finsh/shell.o
                                0x9cb (size before relaxing)
 .debug_str     0x000028b3        0x0 finsh/cmd.o
                                0xbf9 (size before relaxing)
 .debug_str     0x000028b3        0x0 finsh/msh.o
                                0x3df (size before relaxing)
 .debug_str     0x000028b3        0x0 applications/main.o
                                0x402 (size before relaxing)
 .debug_str     0x000028b3        0x0 coremark/core_main.o
                                0x3e2 (size before relaxing)
 .debug_str     0x000028b3        0x0 coremark/core_list_join.o
                                0x42a (size before relaxing)
 .debug_str     0x000028b3        0x0 coremark/core_matrix.o
                                0x22e (size before relaxing)
 .debug_str     0x000028b3        0x0 coremark/core_state.o
                                0x298 (size before relaxing)
 .debug_str     0x000028b3        0x0 coremark/core_util.o
                                0x1e5 (size before relaxing)
 .debug_str     0x000028b3        0x0 coremark/core_portme.o
                                0x298 (size before relaxing)
 .debug_str     0x000028b3        0x0 coremark/ee_printf.o
                                0x222 (size before relaxing)

.debug_line_str
                0x00000000      0x4b3
 .debug_line_str
                0x00000000      0x4b3 libcpu/cpuport.o
                                 0x56 (size before relaxing)
 .debug_line_str
                0x000004b3        0x0 libcpu/interrupt.o
                                 0x5f (size before relaxing)
 .debug_line_str
                0x000004b3        0x0 src/clock.o
                                 0x4c (size before relaxing)
 .debug_line_str
                0x000004b3        0x0 src/components.o
                                 0x56 (size before relaxing)
 .debug_line_str
                0x000004b3        0x0 src/idle.o
                                 0x56 (size before relaxing)
 .debug_line_str
                0x000004b3        0x0 src/ipc.o
                                 0x54 (size before relaxing)
 .debug_line_str
                0x000004b3        0x0 src/irq.o
                                 0x3d (size before relaxing)
 .debug_line_str
                0x000004b3        0x0 src/kservice.o
                                 0x4b (size before relaxing)
 .debug_line_str
                0x000004b3        0x0 src/mem.o
                                 0x5a (size before relaxing)
 .debug_line_str
                0x000004b3        0x0 src/object.o
                                 0x5a (size before relaxing)
 .debug_line_str
                0x000004b3        0x0 src/scheduler.o
                                 0x60 (size before relaxing)
 .debug_line_str
                0x000004b3        0x0 src/thread.o
                                 0x5a (size before relaxing)
 .debug_line_str
                0x000004b3        0x0 src/timer.o
                                 0x58 (size before relaxing)
 .debug_line_str
                0x000004b3        0x0 device/device.o
                                 0x4d (size before relaxing)
 .debug_line_str
                0x000004b3        0x0 bsp/board.o
                                 0x5f (size before relaxing)
 .debug_line_str
                0x000004b3        0x0 bsp/uart_irq.o
                                 0x5d (size before relaxing)
 .debug_line_str
                0x000004b3        0x0 finsh/shell.o
                                0x29f (size before relaxing)
 .debug_line_str
                0x000004b3        0x0 finsh/cmd.o
                                0x17b (size before relaxing)
 .debug_line_str
                0x000004b3        0x0 finsh/msh.o
                                0x168 (size before relaxing)
 .debug_line_str
                0x000004b3        0x0 applications/main.o
                                 0x67 (size before relaxing)
 .debug_line_str
                0x000004b3        0x0 coremark/core_main.o
                                 0x55 (size before relaxing)
 .debug_line_str
                0x000004b3        0x0 coremark/core_list_join.o
                                 0x5f (size before relaxing)
 .debug_line_str
                0x000004b3        0x0 coremark/core_matrix.o
                                 0x59 (size before relaxing)
 .debug_line_str
                0x000004b3        0x0 coremark/core_state.o
                                 0x57 (size before relaxing)
 .debug_line_str
                0x000004b3        0x0 coremark/core_util.o
                                 0x4a (size before relaxing)
 .debug_line_str
                0x000004b3        0x0 coremark/core_portme.o
                                 0x59 (size before relaxing)
 .debug_line_str
                0x000004b3        0x0 coremark/ee_printf.o
                                 0xe6 (size before relaxing)

.debug_frame    0x00000000     0x1ef8
 .debug_frame   0x00000000       0x4c libcpu/cpuport.o
 .debug_frame   0x0000004c       0x84 libcpu/interrupt.o
 .debug_frame   0x000000d0       0x7c src/clock.o
 .debug_frame   0x0000014c      0x108 src/components.o
 .debug_frame   0x00000254       0xa4 src/idle.o
 .debug_frame   0x000002f8      0x174 src/ipc.o
 .debug_frame   0x0000046c       0x58 src/irq.o
 .debug_frame   0x000004c4      0x354 src/kservice.o
 .debug_frame   0x00000818      0x184 src/mem.o
 .debug_frame   0x0000099c      0x144 src/object.o
 .debug_frame   0x00000ae0       0xf8 src/scheduler.o
 .debug_frame   0x00000bd8      0x2ac src/thread.o
 .debug_frame   0x00000e84      0x1a0 src/timer.o
 .debug_frame   0x00001024      0x22c device/device.o
 .debug_frame   0x00001250      0x130 bsp/board.o
 .debug_frame   0x00001380       0x58 bsp/uart_irq.o
 .debug_frame   0x000013d8      0x1dc finsh/shell.o
 .debug_frame   0x000015b4      0x200 finsh/cmd.o
 .debug_frame   0x000017b4      0x118 finsh/msh.o
 .debug_frame   0x000018cc       0xb4 applications/main.o
 .debug_frame   0x00001980       0x94 coremark/core_main.o
 .debug_frame   0x00001a14      0x158 coremark/core_list_join.o
 .debug_frame   0x00001b6c      0x124 coremark/core_matrix.o
 .debug_frame   0x00001c90       0xa0 coremark/core_state.o
 .debug_frame   0x00001d30       0x70 coremark/core_util.o
 .debug_frame   0x00001da0       0x80 coremark/core_portme.o
 .debug_frame   0x00001e20       0xd8 coremark/ee_printf.o
